Component: Arm Compiler for Embedded 6.22 Tool: armlink [5ee90200]

==============================================================================

Removing Unused input sections from the image.

    Removing arm_matrix_example_f32.o(.text), (0 bytes).
    Removing arm_matrix_example_f32.o(.ARM.exidx.text.main), (8 bytes).
    Removing arm_matrix_example_f32.o(.ARM.use_no_argv), (4 bytes).
    Removing math_helper.o(.text), (0 bytes).
    Removing math_helper.o(.ARM.exidx.text.arm_snr_f32), (8 bytes).
    Removing math_helper.o(.text.arm_provide_guard_bits_q15), (34 bytes).
    Removing math_helper.o(.ARM.exidx.text.arm_provide_guard_bits_q15), (8 bytes).
    Removing math_helper.o(.text.arm_float_to_q12_20), (536 bytes).
    Removing math_helper.o(.ARM.exidx.text.arm_float_to_q12_20), (8 bytes).
    Removing math_helper.o(.text.arm_compare_fixed_q15), (120 bytes).
    Removing math_helper.o(.ARM.exidx.text.arm_compare_fixed_q15), (8 bytes).
    Removing math_helper.o(.text.arm_compare_fixed_q31), (120 bytes).
    Removing math_helper.o(.ARM.exidx.text.arm_compare_fixed_q31), (8 bytes).
    Removing math_helper.o(.text.arm_provide_guard_bits_q31), (34 bytes).
    Removing math_helper.o(.ARM.exidx.text.arm_provide_guard_bits_q31), (8 bytes).
    Removing math_helper.o(.text.arm_provide_guard_bits_q7), (34 bytes).
    Removing math_helper.o(.ARM.exidx.text.arm_provide_guard_bits_q7), (8 bytes).
    Removing math_helper.o(.text.arm_calc_guard_bits), (64 bytes).
    Removing math_helper.o(.ARM.exidx.text.arm_calc_guard_bits), (8 bytes).
    Removing math_helper.o(.text.arm_apply_guard_bits), (574 bytes).
    Removing math_helper.o(.ARM.exidx.text.arm_apply_guard_bits), (8 bytes).
    Removing math_helper.o(.text.arm_calc_2pow), (78 bytes).
    Removing math_helper.o(.ARM.exidx.text.arm_calc_2pow), (8 bytes).
    Removing math_helper.o(.text.arm_float_to_q14), (532 bytes).
    Removing math_helper.o(.ARM.exidx.text.arm_float_to_q14), (8 bytes).
    Removing math_helper.o(.text.arm_float_to_q30), (528 bytes).
    Removing math_helper.o(.ARM.exidx.text.arm_float_to_q30), (8 bytes).
    Removing math_helper.o(.text.arm_float_to_q29), (528 bytes).
    Removing math_helper.o(.ARM.exidx.text.arm_float_to_q29), (8 bytes).
    Removing math_helper.o(.text.arm_float_to_q28), (528 bytes).
    Removing math_helper.o(.ARM.exidx.text.arm_float_to_q28), (8 bytes).
    Removing startup_SSE300MPS3.o(.text), (0 bytes).
    Removing startup_SSE300MPS3.o(.ARM.exidx.text.NMI_Handler), (8 bytes).
    Removing startup_SSE300MPS3.o(.ARM.exidx.text.HardFault_Handler), (8 bytes).
    Removing startup_SSE300MPS3.o(.ARM.exidx.text.MemManage_Handler), (8 bytes).
    Removing startup_SSE300MPS3.o(.ARM.exidx.text.BusFault_Handler), (8 bytes).
    Removing startup_SSE300MPS3.o(.ARM.exidx.text.UsageFault_Handler), (8 bytes).
    Removing startup_SSE300MPS3.o(.ARM.exidx.text.SecureFault_Handler), (8 bytes).
    Removing startup_SSE300MPS3.o(.ARM.exidx.text.SVC_Handler), (8 bytes).
    Removing startup_SSE300MPS3.o(.ARM.exidx.text.DebugMon_Handler), (8 bytes).
    Removing startup_SSE300MPS3.o(.ARM.exidx.text.PendSV_Handler), (8 bytes).
    Removing startup_SSE300MPS3.o(.ARM.exidx.text.SysTick_Handler), (8 bytes).
    Removing startup_SSE300MPS3.o(.ARM.exidx.text.NONSEC_WATCHDOG_RESET_REQ_Handler), (8 bytes).
    Removing startup_SSE300MPS3.o(.ARM.exidx.text.NONSEC_WATCHDOG_Handler), (8 bytes).
    Removing startup_SSE300MPS3.o(.ARM.exidx.text.SLOWCLK_Timer_Handler), (8 bytes).
    Removing startup_SSE300MPS3.o(.ARM.exidx.text.TFM_TIMER0_IRQ_Handler), (8 bytes).
    Removing startup_SSE300MPS3.o(.ARM.exidx.text.TIMER1_Handler), (8 bytes).
    Removing startup_SSE300MPS3.o(.ARM.exidx.text.TIMER2_Handler), (8 bytes).
    Removing startup_SSE300MPS3.o(.ARM.exidx.text.MPC_Handler), (8 bytes).
    Removing startup_SSE300MPS3.o(.ARM.exidx.text.PPC_Handler), (8 bytes).
    Removing startup_SSE300MPS3.o(.ARM.exidx.text.MSC_Handler), (8 bytes).
    Removing startup_SSE300MPS3.o(.ARM.exidx.text.BRIDGE_ERROR_Handler), (8 bytes).
    Removing startup_SSE300MPS3.o(.ARM.exidx.text.MGMT_PPU_Handler), (8 bytes).
    Removing startup_SSE300MPS3.o(.ARM.exidx.text.SYS_PPU_Handler), (8 bytes).
    Removing startup_SSE300MPS3.o(.ARM.exidx.text.CPU0_PPU_Handler), (8 bytes).
    Removing startup_SSE300MPS3.o(.ARM.exidx.text.DEBUG_PPU_Handler), (8 bytes).
    Removing startup_SSE300MPS3.o(.ARM.exidx.text.TIMER3_AON_Handler), (8 bytes).
    Removing startup_SSE300MPS3.o(.ARM.exidx.text.CPU0_CTI_0_Handler), (8 bytes).
    Removing startup_SSE300MPS3.o(.ARM.exidx.text.CPU0_CTI_1_Handler), (8 bytes).
    Removing startup_SSE300MPS3.o(.ARM.exidx.text.System_Timestamp_Counter_Handler), (8 bytes).
    Removing startup_SSE300MPS3.o(.ARM.exidx.text.UARTRX0_Handler), (8 bytes).
    Removing startup_SSE300MPS3.o(.ARM.exidx.text.UARTTX0_Handler), (8 bytes).
    Removing startup_SSE300MPS3.o(.ARM.exidx.text.UARTRX1_Handler), (8 bytes).
[...]
    Removing MatrixFunctions.o(.text.arm_householder_f64), (240 bytes).
    Removing MatrixFunctions.o(.ARM.exidx.text.arm_householder_f64), (8 bytes).
    Removing MatrixFunctionsF16.o(.text), (0 bytes).
    Removing MatrixFunctionsF16.o(.text.arm_mat_add_f16), (86 bytes).
    Removing MatrixFunctionsF16.o(.ARM.exidx.text.arm_mat_add_f16), (8 bytes).
    Removing MatrixFunctionsF16.o(.text.arm_mat_sub_f16), (86 bytes).
    Removing MatrixFunctionsF16.o(.ARM.exidx.text.arm_mat_sub_f16), (8 bytes).
    Removing MatrixFunctionsF16.o(.text.arm_mat_trans_f16), (368 bytes).
    Removing MatrixFunctionsF16.o(.ARM.exidx.text.arm_mat_trans_f16), (8 bytes).
    Removing MatrixFunctionsF16.o(.text.arm_mat_scale_f16), (74 bytes).
    Removing MatrixFunctionsF16.o(.ARM.exidx.text.arm_mat_scale_f16), (8 bytes).
    Removing MatrixFunctionsF16.o(.text.arm_mat_mult_f16), (2096 bytes).
    Removing MatrixFunctionsF16.o(.ARM.exidx.text.arm_mat_mult_f16), (8 bytes).
    Removing MatrixFunctionsF16.o(.text.arm_mat_vec_mult_f16), (624 bytes).
    Removing MatrixFunctionsF16.o(.ARM.exidx.text.arm_mat_vec_mult_f16), (8 bytes).
    Removing MatrixFunctionsF16.o(.text.arm_mat_cmplx_trans_f16), (224 bytes).
    Removing MatrixFunctionsF16.o(.ARM.exidx.text.arm_mat_cmplx_trans_f16), (8 bytes).
    Removing MatrixFunctionsF16.o(.text.arm_mat_cmplx_mult_f16), (2928 bytes).
    Removing MatrixFunctionsF16.o(.ARM.exidx.text.arm_mat_cmplx_mult_f16), (8 bytes).
    Removing MatrixFunctionsF16.o(.text.arm_mat_inverse_f16), (1784 bytes).
    Removing MatrixFunctionsF16.o(.ARM.exidx.text.arm_mat_inverse_f16), (8 bytes).
    Removing MatrixFunctionsF16.o(.text.arm_mat_init_f16), (8 bytes).
    Removing MatrixFunctionsF16.o(.ARM.exidx.text.arm_mat_init_f16), (8 bytes).
    Removing MatrixFunctionsF16.o(.text.arm_mat_cholesky_f16), (906 bytes).
    Removing MatrixFunctionsF16.o(.ARM.exidx.text.arm_mat_cholesky_f16), (8 bytes).
    Removing MatrixFunctionsF16.o(.text.arm_mat_solve_upper_triangular_f16), (988 bytes).
    Removing MatrixFunctionsF16.o(.ARM.exidx.text.arm_mat_solve_upper_triangular_f16), (8 bytes).
    Removing MatrixFunctionsF16.o(.text.arm_mat_solve_lower_triangular_f16), (744 bytes).
    Removing MatrixFunctionsF16.o(.ARM.exidx.text.arm_mat_solve_lower_triangular_f16), (8 bytes).
    Removing MatrixFunctionsF16.o(.text.arm_mat_qr_f16), (2594 bytes).
    Removing MatrixFunctionsF16.o(.ARM.exidx.text.arm_mat_qr_f16), (8 bytes).
    Removing MatrixFunctionsF16.o(.text.arm_householder_f16), (236 bytes).
    Removing MatrixFunctionsF16.o(.ARM.exidx.text.arm_householder_f16), (8 bytes).
    Removing QuaternionMathFunctions.o(.text), (0 bytes).
    Removing QuaternionMathFunctions.o(.text.arm_quaternion_norm_f32), (42 bytes).
    Removing QuaternionMathFunctions.o(.ARM.exidx.text.arm_quaternion_norm_f32), (8 bytes).
    Removing QuaternionMathFunctions.o(.text.arm_quaternion_inverse_f32), (62 bytes).
    Removing QuaternionMathFunctions.o(.ARM.exidx.text.arm_quaternion_inverse_f32), (8 bytes).
    Removing QuaternionMathFunctions.o(.text.arm_quaternion_conjugate_f32), (30 bytes).
    Removing QuaternionMathFunctions.o(.ARM.exidx.text.arm_quaternion_conjugate_f32), (8 bytes).
    Removing QuaternionMathFunctions.o(.text.arm_quaternion_normalize_f32), (58 bytes).
    Removing QuaternionMathFunctions.o(.ARM.exidx.text.arm_quaternion_normalize_f32), (8 bytes).
    Removing QuaternionMathFunctions.o(.text.arm_quaternion_product_single_f32), (144 bytes).
    Removing QuaternionMathFunctions.o(.ARM.exidx.text.arm_quaternion_product_single_f32), (8 bytes).
    Removing QuaternionMathFunctions.o(.text.arm_quaternion_product_f32), (160 bytes).
    Removing QuaternionMathFunctions.o(.ARM.exidx.text.arm_quaternion_product_f32), (8 bytes).
    Removing QuaternionMathFunctions.o(.text.arm_quaternion2rotation_f32), (116 bytes).
    Removing QuaternionMathFunctions.o(.ARM.exidx.text.arm_quaternion2rotation_f32), (8 bytes).
    Removing QuaternionMathFunctions.o(.text.arm_rotation2quaternion_f32), (388 bytes).
    Removing QuaternionMathFunctions.o(.ARM.exidx.text.arm_rotation2quaternion_f32), (8 bytes).
    Removing SVMFunctions.o(.text), (0 bytes).
    Removing SVMFunctions.o(.text.arm_svm_linear_init_f32), (24 bytes).
    Removing SVMFunctions.o(.ARM.exidx.text.arm_svm_linear_init_f32), (8 bytes).
    Removing SVMFunctions.o(.text.arm_svm_linear_predict_f32), (580 bytes).
    Removing SVMFunctions.o(.ARM.exidx.text.arm_svm_linear_predict_f32), (8 bytes).
    Removing SVMFunctions.o(.text.arm_svm_polynomial_init_f32), (40 bytes).
    Removing SVMFunctions.o(.ARM.exidx.text.arm_svm_polynomial_init_f32), (8 bytes).
    Removing SVMFunctions.o(.text.arm_svm_polynomial_predict_f32), (800 bytes).
    Removing SVMFunctions.o(.ARM.exidx.text.arm_svm_polynomial_predict_f32), (8 bytes).
    Removing SVMFunctions.o(.text.arm_svm_rbf_init_f32), (28 bytes).
    Removing SVMFunctions.o(.ARM.exidx.text.arm_svm_rbf_init_f32), (8 bytes).
    Removing SVMFunctions.o(.text.arm_svm_rbf_predict_f32), (1282 bytes).
    Removing SVMFunctions.o(.ARM.exidx.text.arm_svm_rbf_predict_f32), (8 bytes).
    Removing SVMFunctions.o(.text.arm_svm_sigmoid_init_f32), (32 bytes).
    Removing SVMFunctions.o(.ARM.exidx.text.arm_svm_sigmoid_init_f32), (8 bytes).
    Removing SVMFunctions.o(.text.arm_svm_sigmoid_predict_f32), (1864 bytes).
    Removing SVMFunctions.o(.ARM.exidx.text.arm_svm_sigmoid_predict_f32), (8 bytes).
    Removing SVMFunctionsF16.o(.text), (0 bytes).
    Removing SVMFunctionsF16.o(.text.arm_svm_linear_init_f16), (24 bytes).
    Removing SVMFunctionsF16.o(.ARM.exidx.text.arm_svm_linear_init_f16), (8 bytes).
    Removing SVMFunctionsF16.o(.text.arm_svm_linear_predict_f16), (612 bytes).
    Removing SVMFunctionsF16.o(.ARM.exidx.text.arm_svm_linear_predict_f16), (8 bytes).
    Removing SVMFunctionsF16.o(.text.arm_svm_polynomial_init_f16), (40 bytes).
    Removing SVMFunctionsF16.o(.ARM.exidx.text.arm_svm_polynomial_init_f16), (8 bytes).
    Removing SVMFunctionsF16.o(.text.arm_svm_polynomial_predict_f16), (930 bytes).
    Removing SVMFunctionsF16.o(.ARM.exidx.text.arm_svm_polynomial_predict_f16), (8 bytes).
    Removing SVMFunctionsF16.o(.text.arm_svm_rbf_init_f16), (28 bytes).
    Removing SVMFunctionsF16.o(.ARM.exidx.text.arm_svm_rbf_init_f16), (8 bytes).
    Removing SVMFunctionsF16.o(.text.arm_svm_rbf_predict_f16), (1378 bytes).
    Removing SVMFunctionsF16.o(.ARM.exidx.text.arm_svm_rbf_predict_f16), (8 bytes).
    Removing SVMFunctionsF16.o(.text.arm_svm_sigmoid_init_f16), (32 bytes).
    Removing SVMFunctionsF16.o(.ARM.exidx.text.arm_svm_sigmoid_init_f16), (8 bytes).
    Removing SVMFunctionsF16.o(.text.arm_svm_sigmoid_predict_f16), (1922 bytes).
    Removing SVMFunctionsF16.o(.ARM.exidx.text.arm_svm_sigmoid_predict_f16), (8 bytes).
    Removing StatisticsFunctions.o(.text), (0 bytes).
    Removing StatisticsFunctions.o(.text.arm_entropy_f32), (364 bytes).
    Removing StatisticsFunctions.o(.ARM.exidx.text.arm_entropy_f32), (8 bytes).
    Removing StatisticsFunctions.o(.text.arm_entropy_f64), (80 bytes).
    Removing StatisticsFunctions.o(.ARM.exidx.text.arm_entropy_f64), (8 bytes).
    Removing StatisticsFunctions.o(.text.arm_kullback_leibler_f32), (604 bytes).
    Removing StatisticsFunctions.o(.ARM.exidx.text.arm_kullback_leibler_f32), (8 bytes).
    Removing StatisticsFunctions.o(.text.arm_kullback_leibler_f64), (88 bytes).
    Removing StatisticsFunctions.o(.ARM.exidx.text.arm_kullback_leibler_f64), (8 bytes).
    Removing StatisticsFunctions.o(.text.arm_logsumexp_dot_prod_f32), (496 bytes).
    Removing StatisticsFunctions.o(.ARM.exidx.text.arm_logsumexp_dot_prod_f32), (8 bytes).
    Removing StatisticsFunctions.o(.text.arm_logsumexp_f32), (484 bytes).
    Removing StatisticsFunctions.o(.ARM.exidx.text.arm_logsumexp_f32), (8 bytes).
    Removing StatisticsFunctions.o(.text.arm_max_no_idx_f32), (120 bytes).
    Removing StatisticsFunctions.o(.ARM.exidx.text.arm_max_no_idx_f32), (8 bytes).
    Removing StatisticsFunctions.o(.text.arm_max_f32), (208 bytes).
    Removing StatisticsFunctions.o(.ARM.exidx.text.arm_max_f32), (8 bytes).
    Removing StatisticsFunctions.o(.text.arm_max_f64), (264 bytes).
    Removing StatisticsFunctions.o(.ARM.exidx.text.arm_max_f64), (8 bytes).
    Removing StatisticsFunctions.o(.text.arm_max_q15), (88 bytes).
    Removing StatisticsFunctions.o(.ARM.exidx.text.arm_max_q15), (8 bytes).
    Removing StatisticsFunctions.o(.text.arm_max_q31), (86 bytes).
    Removing StatisticsFunctions.o(.ARM.exidx.text.arm_max_q31), (8 bytes).
    Removing StatisticsFunctions.o(.text.arm_max_q7), (904 bytes).
    Removing StatisticsFunctions.o(.ARM.exidx.text.arm_max_q7), (8 bytes).
    Removing StatisticsFunctions.o(.text.arm_max_no_idx_f64), (152 bytes).
    Removing StatisticsFunctions.o(.ARM.exidx.text.arm_max_no_idx_f64), (8 bytes).
    Removing StatisticsFunctions.o(.text.arm_max_no_idx_q31), (62 bytes).
    Removing StatisticsFunctions.o(.ARM.exidx.text.arm_max_no_idx_q31), (8 bytes).
    Removing StatisticsFunctions.o(.text.arm_max_no_idx_q15), (62 bytes).
    Removing StatisticsFunctions.o(.ARM.exidx.text.arm_max_no_idx_q15), (8 bytes).
    Removing StatisticsFunctions.o(.text.arm_max_no_idx_q7), (60 bytes).
    Removing StatisticsFunctions.o(.ARM.exidx.text.arm_max_no_idx_q7), (8 bytes).
    Removing StatisticsFunctions.o(.text.arm_mean_f32), (116 bytes).
    Removing StatisticsFunctions.o(.ARM.exidx.text.arm_mean_f32), (8 bytes).
    Removing StatisticsFunctions.o(.text.arm_mean_f64), (160 bytes).
    Removing StatisticsFunctions.o(.ARM.exidx.text.arm_mean_f64), (8 bytes).
    Removing StatisticsFunctions.o(.text.arm_mean_q15), (60 bytes).
    Removing StatisticsFunctions.o(.ARM.exidx.text.arm_mean_q15), (8 bytes).
    Removing StatisticsFunctions.o(.text.arm_mean_q31), (136 bytes).
    Removing StatisticsFunctions.o(.ARM.exidx.text.arm_mean_q31), (8 bytes).
    Removing StatisticsFunctions.o(.text.arm_mean_q7), (64 bytes).
    Removing StatisticsFunctions.o(.ARM.exidx.text.arm_mean_q7), (8 bytes).
    Removing StatisticsFunctions.o(.text.arm_min_f32), (216 bytes).
    Removing StatisticsFunctions.o(.ARM.exidx.text.arm_min_f32), (8 bytes).
    Removing StatisticsFunctions.o(.text.arm_min_f64), (264 bytes).
    Removing StatisticsFunctions.o(.ARM.exidx.text.arm_min_f64), (8 bytes).
    Removing StatisticsFunctions.o(.text.arm_min_q15), (88 bytes).
    Removing StatisticsFunctions.o(.ARM.exidx.text.arm_min_q15), (8 bytes).
    Removing StatisticsFunctions.o(.text.arm_min_q31), (86 bytes).
    Removing StatisticsFunctions.o(.ARM.exidx.text.arm_min_q31), (8 bytes).
    Removing StatisticsFunctions.o(.text.arm_min_q7), (1562 bytes).
    Removing StatisticsFunctions.o(.ARM.exidx.text.arm_min_q7), (8 bytes).
    Removing StatisticsFunctions.o(.text.arm_min_no_idx_f32), (128 bytes).
    Removing StatisticsFunctions.o(.ARM.exidx.text.arm_min_no_idx_f32), (8 bytes).
    Removing StatisticsFunctions.o(.text.arm_min_no_idx_f64), (152 bytes).
    Removing StatisticsFunctions.o(.ARM.exidx.text.arm_min_no_idx_f64), (8 bytes).
    Removing StatisticsFunctions.o(.text.arm_min_no_idx_q31), (62 bytes).
    Removing StatisticsFunctions.o(.ARM.exidx.text.arm_min_no_idx_q31), (8 bytes).
    Removing StatisticsFunctions.o(.text.arm_min_no_idx_q15), (62 bytes).
    Removing StatisticsFunctions.o(.ARM.exidx.text.arm_min_no_idx_q15), (8 bytes).
    Removing StatisticsFunctions.o(.text.arm_min_no_idx_q7), (60 bytes).
    Removing StatisticsFunctions.o(.ARM.exidx.text.arm_min_no_idx_q7), (8 bytes).
    Removing StatisticsFunctions.o(.text.arm_power_f32), (104 bytes).
    Removing StatisticsFunctions.o(.ARM.exidx.text.arm_power_f32), (8 bytes).
    Removing StatisticsFunctions.o(.text.arm_power_f64), (152 bytes).
    Removing StatisticsFunctions.o(.ARM.exidx.text.arm_power_f64), (8 bytes).
    Removing StatisticsFunctions.o(.text.arm_power_q15), (66 bytes).
    Removing StatisticsFunctions.o(.ARM.exidx.text.arm_power_q15), (8 bytes).
    Removing StatisticsFunctions.o(.text.arm_power_q31), (106 bytes).
    Removing StatisticsFunctions.o(.ARM.exidx.text.arm_power_q31), (8 bytes).
    Removing StatisticsFunctions.o(.text.arm_power_q7), (62 bytes).
    Removing StatisticsFunctions.o(.ARM.exidx.text.arm_power_q7), (8 bytes).
    Removing StatisticsFunctions.o(.text.arm_rms_f32), (140 bytes).
    Removing StatisticsFunctions.o(.ARM.exidx.text.arm_rms_f32), (8 bytes).
    Removing StatisticsFunctions.o(.text.arm_rms_q15), (96 bytes).
    Removing StatisticsFunctions.o(.ARM.exidx.text.arm_rms_q15), (8 bytes).
    Removing StatisticsFunctions.o(.text.arm_rms_q31), (164 bytes).
    Removing StatisticsFunctions.o(.ARM.exidx.text.arm_rms_q31), (8 bytes).
    Removing StatisticsFunctions.o(.text.arm_std_f32), (272 bytes).
    Removing StatisticsFunctions.o(.ARM.exidx.text.arm_std_f32), (8 bytes).
    Removing StatisticsFunctions.o(.text.arm_var_f32), (252 bytes).
    Removing StatisticsFunctions.o(.ARM.exidx.text.arm_var_f32), (8 bytes).
    Removing StatisticsFunctions.o(.text.arm_std_f64), (360 bytes).
    Removing StatisticsFunctions.o(.ARM.exidx.text.arm_std_f64), (8 bytes).
    Removing StatisticsFunctions.o(.text.arm_var_f64), (352 bytes).
    Removing StatisticsFunctions.o(.ARM.exidx.text.arm_var_f64), (8 bytes).
    Removing StatisticsFunctions.o(.text.arm_std_q15), (36 bytes).
    Removing StatisticsFunctions.o(.ARM.exidx.text.arm_std_q15), (8 bytes).
    Removing StatisticsFunctions.o(.text.arm_var_q15), (358 bytes).
    Removing StatisticsFunctions.o(.ARM.exidx.text.arm_var_q15), (8 bytes).
    Removing StatisticsFunctions.o(.text.arm_std_q31), (206 bytes).
    Removing StatisticsFunctions.o(.ARM.exidx.text.arm_std_q31), (8 bytes).
    Removing StatisticsFunctions.o(.text.arm_var_q31), (198 bytes).
    Removing StatisticsFunctions.o(.ARM.exidx.text.arm_var_q31), (8 bytes).
    Removing StatisticsFunctions.o(.text.arm_absmax_f32), (100 bytes).
    Removing StatisticsFunctions.o(.ARM.exidx.text.arm_absmax_f32), (8 bytes).
    Removing StatisticsFunctions.o(.text.arm_absmax_f64), (296 bytes).
    Removing StatisticsFunctions.o(.ARM.exidx.text.arm_absmax_f64), (8 bytes).
    Removing StatisticsFunctions.o(.text.arm_absmax_q15), (90 bytes).
    Removing StatisticsFunctions.o(.ARM.exidx.text.arm_absmax_q15), (8 bytes).
    Removing StatisticsFunctions.o(.text.arm_absmax_q31), (88 bytes).
    Removing StatisticsFunctions.o(.ARM.exidx.text.arm_absmax_q31), (8 bytes).
    Removing StatisticsFunctions.o(.text.arm_absmax_q7), (960 bytes).
    Removing StatisticsFunctions.o(.ARM.exidx.text.arm_absmax_q7), (8 bytes).
    Removing StatisticsFunctions.o(.text.arm_absmin_f32), (156 bytes).
    Removing StatisticsFunctions.o(.ARM.exidx.text.arm_absmin_f32), (8 bytes).
    Removing StatisticsFunctions.o(.text.arm_absmin_f64), (296 bytes).
    Removing StatisticsFunctions.o(.ARM.exidx.text.arm_absmin_f64), (8 bytes).
    Removing StatisticsFunctions.o(.text.arm_absmin_q15), (152 bytes).
    Removing StatisticsFunctions.o(.ARM.exidx.text.arm_absmin_q15), (8 bytes).
    Removing StatisticsFunctions.o(.text.arm_absmin_q31), (152 bytes).
    Removing StatisticsFunctions.o(.ARM.exidx.text.arm_absmin_q31), (8 bytes).
    Removing StatisticsFunctions.o(.text.arm_absmin_q7), (904 bytes).
    Removing StatisticsFunctions.o(.ARM.exidx.text.arm_absmin_q7), (8 bytes).
    Removing StatisticsFunctions.o(.text.arm_absmax_no_idx_f32), (80 bytes).
    Removing StatisticsFunctions.o(.ARM.exidx.text.arm_absmax_no_idx_f32), (8 bytes).
    Removing StatisticsFunctions.o(.text.arm_absmax_no_idx_f64), (180 bytes).
    Removing StatisticsFunctions.o(.ARM.exidx.text.arm_absmax_no_idx_f64), (8 bytes).
    Removing StatisticsFunctions.o(.text.arm_absmax_no_idx_q15), (52 bytes).
    Removing StatisticsFunctions.o(.ARM.exidx.text.arm_absmax_no_idx_q15), (8 bytes).
    Removing StatisticsFunctions.o(.text.arm_absmax_no_idx_q31), (56 bytes).
    Removing StatisticsFunctions.o(.ARM.exidx.text.arm_absmax_no_idx_q31), (8 bytes).
    Removing StatisticsFunctions.o(.text.arm_absmax_no_idx_q7), (52 bytes).
    Removing StatisticsFunctions.o(.ARM.exidx.text.arm_absmax_no_idx_q7), (8 bytes).
    Removing StatisticsFunctions.o(.text.arm_absmin_no_idx_f32), (88 bytes).
    Removing StatisticsFunctions.o(.ARM.exidx.text.arm_absmin_no_idx_f32), (8 bytes).
    Removing StatisticsFunctions.o(.text.arm_absmin_no_idx_f64), (180 bytes).
    Removing StatisticsFunctions.o(.ARM.exidx.text.arm_absmin_no_idx_f64), (8 bytes).
    Removing StatisticsFunctions.o(.text.arm_absmin_no_idx_q15), (88 bytes).
    Removing StatisticsFunctions.o(.ARM.exidx.text.arm_absmin_no_idx_q15), (8 bytes).
    Removing StatisticsFunctions.o(.text.arm_absmin_no_idx_q31), (62 bytes).
    Removing StatisticsFunctions.o(.ARM.exidx.text.arm_absmin_no_idx_q31), (8 bytes).
    Removing StatisticsFunctions.o(.text.arm_absmin_no_idx_q7), (60 bytes).
    Removing StatisticsFunctions.o(.ARM.exidx.text.arm_absmin_no_idx_q7), (8 bytes).
    Removing StatisticsFunctions.o(.text.arm_mse_q7), (104 bytes).
    Removing StatisticsFunctions.o(.ARM.exidx.text.arm_mse_q7), (8 bytes).
    Removing StatisticsFunctions.o(.text.arm_mse_q15), (118 bytes).
    Removing StatisticsFunctions.o(.ARM.exidx.text.arm_mse_q15), (8 bytes).
    Removing StatisticsFunctions.o(.text.arm_mse_q31), (118 bytes).
    Removing StatisticsFunctions.o(.ARM.exidx.text.arm_mse_q31), (8 bytes).
    Removing StatisticsFunctions.o(.text.arm_mse_f32), (108 bytes).
    Removing StatisticsFunctions.o(.ARM.exidx.text.arm_mse_f32), (8 bytes).
    Removing StatisticsFunctions.o(.text.arm_mse_f64), (232 bytes).
    Removing StatisticsFunctions.o(.ARM.exidx.text.arm_mse_f64), (8 bytes).
    Removing StatisticsFunctions.o(.text.arm_accumulate_f32), (78 bytes).
    Removing StatisticsFunctions.o(.ARM.exidx.text.arm_accumulate_f32), (8 bytes).
    Removing StatisticsFunctions.o(.text.arm_accumulate_f64), (152 bytes).
    Removing StatisticsFunctions.o(.ARM.exidx.text.arm_accumulate_f64), (8 bytes).
    Removing StatisticsFunctionsF16.o(.text), (0 bytes).
    Removing StatisticsFunctionsF16.o(.text.arm_max_f16), (348 bytes).
    Removing StatisticsFunctionsF16.o(.ARM.exidx.text.arm_max_f16), (8 bytes).
    Removing StatisticsFunctionsF16.o(.text.arm_min_f16), (142 bytes).
    Removing StatisticsFunctionsF16.o(.ARM.exidx.text.arm_min_f16), (8 bytes).
    Removing StatisticsFunctionsF16.o(.text.arm_mean_f16), (62 bytes).
    Removing StatisticsFunctionsF16.o(.ARM.exidx.text.arm_mean_f16), (8 bytes).
    Removing StatisticsFunctionsF16.o(.text.arm_power_f16), (50 bytes).
    Removing StatisticsFunctionsF16.o(.ARM.exidx.text.arm_power_f16), (8 bytes).
    Removing StatisticsFunctionsF16.o(.text.arm_rms_f16), (96 bytes).
    Removing StatisticsFunctionsF16.o(.ARM.exidx.text.arm_rms_f16), (8 bytes).
    Removing StatisticsFunctionsF16.o(.text.arm_std_f16), (186 bytes).
    Removing StatisticsFunctionsF16.o(.ARM.exidx.text.arm_std_f16), (8 bytes).
    Removing StatisticsFunctionsF16.o(.text.arm_var_f16), (144 bytes).
    Removing StatisticsFunctionsF16.o(.ARM.exidx.text.arm_var_f16), (8 bytes).
    Removing StatisticsFunctionsF16.o(.text.arm_entropy_f16), (486 bytes).
    Removing StatisticsFunctionsF16.o(.ARM.exidx.text.arm_entropy_f16), (8 bytes).
    Removing StatisticsFunctionsF16.o(.text.arm_kullback_leibler_f16), (776 bytes).
    Removing StatisticsFunctionsF16.o(.ARM.exidx.text.arm_kullback_leibler_f16), (8 bytes).
    Removing StatisticsFunctionsF16.o(.text.arm_logsumexp_dot_prod_f16), (656 bytes).
    Removing StatisticsFunctionsF16.o(.ARM.exidx.text.arm_logsumexp_dot_prod_f16), (8 bytes).
    Removing StatisticsFunctionsF16.o(.text.arm_logsumexp_f16), (644 bytes).
    Removing StatisticsFunctionsF16.o(.ARM.exidx.text.arm_logsumexp_f16), (8 bytes).
    Removing StatisticsFunctionsF16.o(.text.arm_max_no_idx_f16), (120 bytes).
    Removing StatisticsFunctionsF16.o(.ARM.exidx.text.arm_max_no_idx_f16), (8 bytes).
    Removing StatisticsFunctionsF16.o(.text.arm_min_no_idx_f16), (120 bytes).
    Removing StatisticsFunctionsF16.o(.ARM.exidx.text.arm_min_no_idx_f16), (8 bytes).
    Removing StatisticsFunctionsF16.o(.text.arm_absmax_f16), (174 bytes).
    Removing StatisticsFunctionsF16.o(.ARM.exidx.text.arm_absmax_f16), (8 bytes).
    Removing StatisticsFunctionsF16.o(.text.arm_absmin_f16), (174 bytes).
    Removing StatisticsFunctionsF16.o(.ARM.exidx.text.arm_absmin_f16), (8 bytes).
    Removing StatisticsFunctionsF16.o(.text.arm_absmax_no_idx_f16), (102 bytes).
    Removing StatisticsFunctionsF16.o(.ARM.exidx.text.arm_absmax_no_idx_f16), (8 bytes).
    Removing StatisticsFunctionsF16.o(.text.arm_absmin_no_idx_f16), (78 bytes).
    Removing StatisticsFunctionsF16.o(.ARM.exidx.text.arm_absmin_no_idx_f16), (8 bytes).
    Removing StatisticsFunctionsF16.o(.text.arm_mse_f16), (116 bytes).
    Removing StatisticsFunctionsF16.o(.ARM.exidx.text.arm_mse_f16), (8 bytes).
    Removing StatisticsFunctionsF16.o(.text.arm_accumulate_f16), (68 bytes).
    Removing StatisticsFunctionsF16.o(.ARM.exidx.text.arm_accumulate_f16), (8 bytes).
    Removing SupportFunctions.o(.text), (0 bytes).
    Removing SupportFunctions.o(.text.arm_barycenter_f32), (940 bytes).
    Removing SupportFunctions.o(.ARM.exidx.text.arm_barycenter_f32), (8 bytes).
    Removing SupportFunctions.o(.text.arm_fill_f32), (166 bytes).
    Removing SupportFunctions.o(.ARM.exidx.text.arm_fill_f32), (8 bytes).
    Removing SupportFunctions.o(.text.arm_bitonic_sort_f32), (794 bytes).
    Removing SupportFunctions.o(.ARM.exidx.text.arm_bitonic_sort_f32), (8 bytes).
    Removing SupportFunctions.o(.text.arm_bubble_sort_f32), (414 bytes).
    Removing SupportFunctions.o(.ARM.exidx.text.arm_bubble_sort_f32), (8 bytes).
    Removing SupportFunctions.o(.text.arm_copy_f32), (50 bytes).
    Removing SupportFunctions.o(.ARM.exidx.text.arm_copy_f32), (8 bytes).
    Removing SupportFunctions.o(.text.arm_copy_f64), (86 bytes).
    Removing SupportFunctions.o(.ARM.exidx.text.arm_copy_f64), (8 bytes).
    Removing SupportFunctions.o(.text.arm_copy_q15), (106 bytes).
    Removing SupportFunctions.o(.ARM.exidx.text.arm_copy_q15), (8 bytes).
    Removing SupportFunctions.o(.text.arm_copy_q31), (50 bytes).
    Removing SupportFunctions.o(.ARM.exidx.text.arm_copy_q31), (8 bytes).
    Removing SupportFunctions.o(.text.arm_copy_q7), (170 bytes).
    Removing SupportFunctions.o(.ARM.exidx.text.arm_copy_q7), (8 bytes).
    Removing SupportFunctions.o(.text.arm_fill_f64), (80 bytes).
    Removing SupportFunctions.o(.ARM.exidx.text.arm_fill_f64), (8 bytes).
    Removing SupportFunctions.o(.text.arm_fill_q15), (162 bytes).
    Removing SupportFunctions.o(.ARM.exidx.text.arm_fill_q15), (8 bytes).
    Removing SupportFunctions.o(.text.arm_fill_q31), (162 bytes).
    Removing SupportFunctions.o(.ARM.exidx.text.arm_fill_q31), (8 bytes).
    Removing SupportFunctions.o(.text.arm_fill_q7), (154 bytes).
    Removing SupportFunctions.o(.ARM.exidx.text.arm_fill_q7), (8 bytes).
    Removing SupportFunctions.o(.text.arm_heap_sort_f32), (1262 bytes).
    Removing SupportFunctions.o(.ARM.exidx.text.arm_heap_sort_f32), (8 bytes).
    Removing SupportFunctions.o(.text.arm_insertion_sort_f32), (502 bytes).
    Removing SupportFunctions.o(.ARM.exidx.text.arm_insertion_sort_f32), (8 bytes).
    Removing SupportFunctions.o(.text.arm_merge_sort_f32), (64 bytes).
    Removing SupportFunctions.o(.ARM.exidx.text.arm_merge_sort_f32), (8 bytes).
    Removing SupportFunctions.o(.text.arm_merge_sort_core_f32), (632 bytes).
    Removing SupportFunctions.o(.ARM.exidx.text.arm_merge_sort_core_f32), (8 bytes).
    Removing SupportFunctions.o(.text.arm_merge_sort_init_f32), (6 bytes).
    Removing SupportFunctions.o(.ARM.exidx.text.arm_merge_sort_init_f32), (8 bytes).
    Removing SupportFunctions.o(.text.arm_quick_sort_f32), (42 bytes).
    Removing SupportFunctions.o(.ARM.exidx.text.arm_quick_sort_f32), (8 bytes).
    Removing SupportFunctions.o(.text.arm_quick_sort_core_f32), (654 bytes).
    Removing SupportFunctions.o(.ARM.exidx.text.arm_quick_sort_core_f32), (8 bytes).
    Removing SupportFunctions.o(.text.arm_selection_sort_f32), (394 bytes).
    Removing SupportFunctions.o(.ARM.exidx.text.arm_selection_sort_f32), (8 bytes).
    Removing SupportFunctions.o(.text.arm_sort_f32), (1426 bytes).
    Removing SupportFunctions.o(.ARM.exidx.text.arm_sort_f32), (8 bytes).
    Removing SupportFunctions.o(.text.arm_sort_init_f32), (6 bytes).
    Removing SupportFunctions.o(.ARM.exidx.text.arm_sort_init_f32), (8 bytes).
    Removing SupportFunctions.o(.text.arm_weighted_average_f32), (180 bytes).
    Removing SupportFunctions.o(.ARM.exidx.text.arm_weighted_average_f32), (8 bytes).
    Removing SupportFunctions.o(.text.arm_f64_to_float), (132 bytes).
    Removing SupportFunctions.o(.ARM.exidx.text.arm_f64_to_float), (8 bytes).
    Removing SupportFunctions.o(.text.arm_f64_to_q31), (360 bytes).
    Removing SupportFunctions.o(.ARM.exidx.text.arm_f64_to_q31), (8 bytes).
    Removing SupportFunctions.o(.text.arm_f64_to_q15), (416 bytes).
    Removing SupportFunctions.o(.ARM.exidx.text.arm_f64_to_q15), (8 bytes).
    Removing SupportFunctions.o(.text.arm_f64_to_q7), (392 bytes).
    Removing SupportFunctions.o(.ARM.exidx.text.arm_f64_to_q7), (8 bytes).
    Removing SupportFunctions.o(.text.arm_float_to_f64), (134 bytes).
    Removing SupportFunctions.o(.ARM.exidx.text.arm_float_to_f64), (8 bytes).
    Removing SupportFunctions.o(.text.arm_float_to_q15), (376 bytes).
    Removing SupportFunctions.o(.ARM.exidx.text.arm_float_to_q15), (8 bytes).
    Removing SupportFunctions.o(.text.arm_float_to_q31), (106 bytes).
    Removing SupportFunctions.o(.ARM.exidx.text.arm_float_to_q31), (8 bytes).
    Removing SupportFunctions.o(.text.arm_float_to_q7), (768 bytes).
    Removing SupportFunctions.o(.ARM.exidx.text.arm_float_to_q7), (8 bytes).
    Removing SupportFunctions.o(.text.arm_q15_to_f64), (232 bytes).
    Removing SupportFunctions.o(.ARM.exidx.text.arm_q15_to_f64), (8 bytes).
    Removing SupportFunctions.o(.text.arm_q15_to_float), (58 bytes).
    Removing SupportFunctions.o(.ARM.exidx.text.arm_q15_to_float), (8 bytes).
    Removing SupportFunctions.o(.text.arm_q15_to_q31), (58 bytes).
    Removing SupportFunctions.o(.ARM.exidx.text.arm_q15_to_q31), (8 bytes).
    Removing SupportFunctions.o(.text.arm_q15_to_q7), (196 bytes).
    Removing SupportFunctions.o(.ARM.exidx.text.arm_q15_to_q7), (8 bytes).
    Removing SupportFunctions.o(.text.arm_q31_to_f64), (224 bytes).
    Removing SupportFunctions.o(.ARM.exidx.text.arm_q31_to_f64), (8 bytes).
    Removing SupportFunctions.o(.text.arm_q31_to_float), (58 bytes).
    Removing SupportFunctions.o(.ARM.exidx.text.arm_q31_to_float), (8 bytes).
    Removing SupportFunctions.o(.text.arm_q31_to_q15), (62 bytes).
    Removing SupportFunctions.o(.ARM.exidx.text.arm_q31_to_q15), (8 bytes).
    Removing SupportFunctions.o(.text.arm_q31_to_q7), (234 bytes).
    Removing SupportFunctions.o(.ARM.exidx.text.arm_q31_to_q7), (8 bytes).
    Removing SupportFunctions.o(.text.arm_q7_to_f64), (248 bytes).
    Removing SupportFunctions.o(.ARM.exidx.text.arm_q7_to_f64), (8 bytes).
    Removing SupportFunctions.o(.text.arm_q7_to_float), (112 bytes).
    Removing SupportFunctions.o(.ARM.exidx.text.arm_q7_to_float), (8 bytes).
    Removing SupportFunctions.o(.text.arm_q7_to_q15), (112 bytes).
    Removing SupportFunctions.o(.ARM.exidx.text.arm_q7_to_q15), (8 bytes).
    Removing SupportFunctions.o(.text.arm_q7_to_q31), (64 bytes).
    Removing SupportFunctions.o(.ARM.exidx.text.arm_q7_to_q31), (8 bytes).
    Removing SupportFunctionsF16.o(.text), (0 bytes).
    Removing SupportFunctionsF16.o(.text.arm_copy_f16), (26 bytes).
    Removing SupportFunctionsF16.o(.ARM.exidx.text.arm_copy_f16), (8 bytes).
    Removing SupportFunctionsF16.o(.text.arm_fill_f16), (30 bytes).
    Removing SupportFunctionsF16.o(.ARM.exidx.text.arm_fill_f16), (8 bytes).
    Removing SupportFunctionsF16.o(.text.arm_f16_to_q15), (38 bytes).
    Removing SupportFunctionsF16.o(.ARM.exidx.text.arm_f16_to_q15), (8 bytes).
    Removing SupportFunctionsF16.o(.text.arm_f16_to_float), (174 bytes).
    Removing SupportFunctionsF16.o(.ARM.exidx.text.arm_f16_to_float), (8 bytes).
    Removing SupportFunctionsF16.o(.text.arm_f16_to_f64), (148 bytes).
    Removing SupportFunctionsF16.o(.ARM.exidx.text.arm_f16_to_f64), (8 bytes).
    Removing SupportFunctionsF16.o(.text.arm_f64_to_f16), (134 bytes).
    Removing SupportFunctionsF16.o(.ARM.exidx.text.arm_f64_to_f16), (8 bytes).
    Removing SupportFunctionsF16.o(.text.arm_q15_to_f16), (54 bytes).
    Removing SupportFunctionsF16.o(.ARM.exidx.text.arm_q15_to_f16), (8 bytes).
    Removing SupportFunctionsF16.o(.text.arm_float_to_f16), (70 bytes).
    Removing SupportFunctionsF16.o(.ARM.exidx.text.arm_float_to_f16), (8 bytes).
    Removing SupportFunctionsF16.o(.text.arm_weighted_average_f16), (222 bytes).
    Removing SupportFunctionsF16.o(.ARM.exidx.text.arm_weighted_average_f16), (8 bytes).
    Removing SupportFunctionsF16.o(.text.arm_barycenter_f16), (2134 bytes).
    Removing SupportFunctionsF16.o(.ARM.exidx.text.arm_barycenter_f16), (8 bytes).
    Removing TransformFunctions.o(.text), (0 bytes).
    Removing TransformFunctions.o(.text.arm_bitreversal_f32), (166 bytes).
    Removing TransformFunctions.o(.ARM.exidx.text.arm_bitreversal_f32), (8 bytes).
    Removing TransformFunctions.o(.text.arm_bitreversal_q31), (184 bytes).
    Removing TransformFunctions.o(.ARM.exidx.text.arm_bitreversal_q31), (8 bytes).
    Removing TransformFunctions.o(.text.arm_bitreversal_q15), (128 bytes).
    Removing TransformFunctions.o(.ARM.exidx.text.arm_bitreversal_q15), (8 bytes).
    Removing TransformFunctions.o(.text.arm_bitreversal_64), (534 bytes).
    Removing TransformFunctions.o(.ARM.exidx.text.arm_bitreversal_64), (8 bytes).
    Removing TransformFunctions.o(.text.arm_bitreversal_32), (346 bytes).
    Removing TransformFunctions.o(.ARM.exidx.text.arm_bitreversal_32), (8 bytes).
    Removing TransformFunctions.o(.text.arm_bitreversal_16), (354 bytes).
    Removing TransformFunctions.o(.ARM.exidx.text.arm_bitreversal_16), (8 bytes).
    Removing TransformFunctions.o(.text.arm_cfft_f32), (1792 bytes).
    Removing TransformFunctions.o(.ARM.exidx.text.arm_cfft_f32), (8 bytes).
    Removing TransformFunctions.o(.text._arm_radix4_butterfly_inverse_f32_mve), (432 bytes).
    Removing TransformFunctions.o(.ARM.exidx.text._arm_radix4_butterfly_inverse_f32_mve), (8 bytes).
    Removing TransformFunctions.o(.text.arm_radix4_butterfly_f64), (380 bytes).
    Removing TransformFunctions.o(.ARM.exidx.text.arm_radix4_butterfly_f64), (8 bytes).
    Removing TransformFunctions.o(.text.arm_cfft_f64), (1658 bytes).
    Removing TransformFunctions.o(.ARM.exidx.text.arm_cfft_f64), (8 bytes).
    Removing TransformFunctions.o(.text.arm_cfft_q15), (2960 bytes).
    Removing TransformFunctions.o(.ARM.exidx.text.arm_cfft_q15), (8 bytes).
    Removing TransformFunctions.o(.text.arm_cfft_q31), (2832 bytes).
    Removing TransformFunctions.o(.ARM.exidx.text.arm_cfft_q31), (8 bytes).
    Removing TransformFunctions.o(.text.arm_cfft_init_4096_f32), (98 bytes).
    Removing TransformFunctions.o(.ARM.exidx.text.arm_cfft_init_4096_f32), (8 bytes).
    Removing TransformFunctions.o(.text.arm_cfft_init_2048_f32), (98 bytes).
    Removing TransformFunctions.o(.ARM.exidx.text.arm_cfft_init_2048_f32), (8 bytes).
    Removing TransformFunctions.o(.text.arm_cfft_init_1024_f32), (98 bytes).
    Removing TransformFunctions.o(.ARM.exidx.text.arm_cfft_init_1024_f32), (8 bytes).
    Removing TransformFunctions.o(.text.arm_cfft_init_512_f32), (98 bytes).
    Removing TransformFunctions.o(.ARM.exidx.text.arm_cfft_init_512_f32), (8 bytes).
    Removing TransformFunctions.o(.text.arm_cfft_init_256_f32), (96 bytes).
    Removing TransformFunctions.o(.ARM.exidx.text.arm_cfft_init_256_f32), (8 bytes).
    Removing TransformFunctions.o(.text.arm_cfft_init_128_f32), (94 bytes).
    Removing TransformFunctions.o(.ARM.exidx.text.arm_cfft_init_128_f32), (8 bytes).
    Removing TransformFunctions.o(.text.arm_cfft_init_64_f32), (94 bytes).
    Removing TransformFunctions.o(.ARM.exidx.text.arm_cfft_init_64_f32), (8 bytes).
    Removing TransformFunctions.o(.text.arm_cfft_init_32_f32), (94 bytes).
    Removing TransformFunctions.o(.ARM.exidx.text.arm_cfft_init_32_f32), (8 bytes).
    Removing TransformFunctions.o(.text.arm_cfft_init_16_f32), (94 bytes).
    Removing TransformFunctions.o(.ARM.exidx.text.arm_cfft_init_16_f32), (8 bytes).
    Removing TransformFunctions.o(.text.arm_cfft_init_f32), (736 bytes).
    Removing TransformFunctions.o(.ARM.exidx.text.arm_cfft_init_f32), (8 bytes).
    Removing TransformFunctions.o(.text.arm_cfft_init_4096_f64), (34 bytes).
    Removing TransformFunctions.o(.ARM.exidx.text.arm_cfft_init_4096_f64), (8 bytes).
    Removing TransformFunctions.o(.text.arm_cfft_init_2048_f64), (34 bytes).
    Removing TransformFunctions.o(.ARM.exidx.text.arm_cfft_init_2048_f64), (8 bytes).
    Removing TransformFunctions.o(.text.arm_cfft_init_1024_f64), (34 bytes).
    Removing TransformFunctions.o(.ARM.exidx.text.arm_cfft_init_1024_f64), (8 bytes).
    Removing TransformFunctions.o(.text.arm_cfft_init_512_f64), (34 bytes).
    Removing TransformFunctions.o(.ARM.exidx.text.arm_cfft_init_512_f64), (8 bytes).
    Removing TransformFunctions.o(.text.arm_cfft_init_256_f64), (34 bytes).
    Removing TransformFunctions.o(.ARM.exidx.text.arm_cfft_init_256_f64), (8 bytes).
    Removing TransformFunctions.o(.text.arm_cfft_init_128_f64), (32 bytes).
    Removing TransformFunctions.o(.ARM.exidx.text.arm_cfft_init_128_f64), (8 bytes).
    Removing TransformFunctions.o(.text.arm_cfft_init_64_f64), (32 bytes).
    Removing TransformFunctions.o(.ARM.exidx.text.arm_cfft_init_64_f64), (8 bytes).
    Removing TransformFunctions.o(.text.arm_cfft_init_32_f64), (32 bytes).
    Removing TransformFunctions.o(.ARM.exidx.text.arm_cfft_init_32_f64), (8 bytes).
    Removing TransformFunctions.o(.text.arm_cfft_init_16_f64), (32 bytes).
    Removing TransformFunctions.o(.ARM.exidx.text.arm_cfft_init_16_f64), (8 bytes).
    Removing TransformFunctions.o(.text.arm_cfft_init_f64), (196 bytes).
    Removing TransformFunctions.o(.ARM.exidx.text.arm_cfft_init_f64), (8 bytes).
    Removing TransformFunctions.o(.text.arm_cfft_init_4096_q15), (98 bytes).
    Removing TransformFunctions.o(.ARM.exidx.text.arm_cfft_init_4096_q15), (8 bytes).
    Removing TransformFunctions.o(.text.arm_cfft_init_2048_q15), (98 bytes).
    Removing TransformFunctions.o(.ARM.exidx.text.arm_cfft_init_2048_q15), (8 bytes).
    Removing TransformFunctions.o(.text.arm_cfft_init_1024_q15), (98 bytes).
    Removing TransformFunctions.o(.ARM.exidx.text.arm_cfft_init_1024_q15), (8 bytes).
    Removing TransformFunctions.o(.text.arm_cfft_init_512_q15), (98 bytes).
    Removing TransformFunctions.o(.ARM.exidx.text.arm_cfft_init_512_q15), (8 bytes).
    Removing TransformFunctions.o(.text.arm_cfft_init_256_q15), (96 bytes).
    Removing TransformFunctions.o(.ARM.exidx.text.arm_cfft_init_256_q15), (8 bytes).
    Removing TransformFunctions.o(.text.arm_cfft_init_128_q15), (94 bytes).
    Removing TransformFunctions.o(.ARM.exidx.text.arm_cfft_init_128_q15), (8 bytes).
    Removing TransformFunctions.o(.text.arm_cfft_init_64_q15), (94 bytes).
    Removing TransformFunctions.o(.ARM.exidx.text.arm_cfft_init_64_q15), (8 bytes).
    Removing TransformFunctions.o(.text.arm_cfft_init_32_q15), (94 bytes).
    Removing TransformFunctions.o(.ARM.exidx.text.arm_cfft_init_32_q15), (8 bytes).
    Removing TransformFunctions.o(.text.arm_cfft_init_16_q15), (94 bytes).
    Removing TransformFunctions.o(.ARM.exidx.text.arm_cfft_init_16_q15), (8 bytes).
    Removing TransformFunctions.o(.text.arm_cfft_init_q15), (736 bytes).
    Removing TransformFunctions.o(.ARM.exidx.text.arm_cfft_init_q15), (8 bytes).
    Removing TransformFunctions.o(.text.arm_cfft_init_4096_q31), (98 bytes).
    Removing TransformFunctions.o(.ARM.exidx.text.arm_cfft_init_4096_q31), (8 bytes).
    Removing TransformFunctions.o(.text.arm_cfft_init_2048_q31), (98 bytes).
    Removing TransformFunctions.o(.ARM.exidx.text.arm_cfft_init_2048_q31), (8 bytes).
    Removing TransformFunctions.o(.text.arm_cfft_init_1024_q31), (98 bytes).
    Removing TransformFunctions.o(.ARM.exidx.text.arm_cfft_init_1024_q31), (8 bytes).
    Removing TransformFunctions.o(.text.arm_cfft_init_512_q31), (98 bytes).
    Removing TransformFunctions.o(.ARM.exidx.text.arm_cfft_init_512_q31), (8 bytes).
    Removing TransformFunctions.o(.text.arm_cfft_init_256_q31), (96 bytes).
    Removing TransformFunctions.o(.ARM.exidx.text.arm_cfft_init_256_q31), (8 bytes).
    Removing TransformFunctions.o(.text.arm_cfft_init_128_q31), (94 bytes).
    Removing TransformFunctions.o(.ARM.exidx.text.arm_cfft_init_128_q31), (8 bytes).
    Removing TransformFunctions.o(.text.arm_cfft_init_64_q31), (94 bytes).
    Removing TransformFunctions.o(.ARM.exidx.text.arm_cfft_init_64_q31), (8 bytes).
    Removing TransformFunctions.o(.text.arm_cfft_init_32_q31), (94 bytes).
    Removing TransformFunctions.o(.ARM.exidx.text.arm_cfft_init_32_q31), (8 bytes).
    Removing TransformFunctions.o(.text.arm_cfft_init_16_q31), (94 bytes).
    Removing TransformFunctions.o(.ARM.exidx.text.arm_cfft_init_16_q31), (8 bytes).
    Removing TransformFunctions.o(.text.arm_cfft_init_q31), (736 bytes).
    Removing TransformFunctions.o(.ARM.exidx.text.arm_cfft_init_q31), (8 bytes).
    Removing TransformFunctions.o(.text.arm_cfft_radix2_f32), (64 bytes).
    Removing TransformFunctions.o(.ARM.exidx.text.arm_cfft_radix2_f32), (8 bytes).
    Removing TransformFunctions.o(.text.arm_radix2_butterfly_inverse_f32), (1616 bytes).
    Removing TransformFunctions.o(.ARM.exidx.text.arm_radix2_butterfly_inverse_f32), (8 bytes).
    Removing TransformFunctions.o(.text.arm_radix2_butterfly_f32), (1472 bytes).
    Removing TransformFunctions.o(.ARM.exidx.text.arm_radix2_butterfly_f32), (8 bytes).
    Removing TransformFunctions.o(.text.arm_cfft_radix2_q15), (172 bytes).
    Removing TransformFunctions.o(.ARM.exidx.text.arm_cfft_radix2_q15), (8 bytes).
    Removing TransformFunctions.o(.text.arm_radix2_butterfly_inverse_q15), (1556 bytes).
    Removing TransformFunctions.o(.ARM.exidx.text.arm_radix2_butterfly_inverse_q15), (8 bytes).
    Removing TransformFunctions.o(.text.arm_radix2_butterfly_q15), (794 bytes).
    Removing TransformFunctions.o(.ARM.exidx.text.arm_radix2_butterfly_q15), (8 bytes).
    Removing TransformFunctions.o(.text.arm_cfft_radix2_q31), (230 bytes).
    Removing TransformFunctions.o(.ARM.exidx.text.arm_cfft_radix2_q31), (8 bytes).
    Removing TransformFunctions.o(.text.arm_radix2_butterfly_inverse_q31), (1008 bytes).
    Removing TransformFunctions.o(.ARM.exidx.text.arm_radix2_butterfly_inverse_q31), (8 bytes).
    Removing TransformFunctions.o(.text.arm_radix2_butterfly_q31), (1010 bytes).
    Removing TransformFunctions.o(.ARM.exidx.text.arm_radix2_butterfly_q31), (8 bytes).
    Removing TransformFunctions.o(.text.arm_cfft_radix4_f32), (64 bytes).
    Removing TransformFunctions.o(.ARM.exidx.text.arm_cfft_radix4_f32), (8 bytes).
    Removing TransformFunctions.o(.text.arm_radix4_butterfly_inverse_f32), (610 bytes).
    Removing TransformFunctions.o(.ARM.exidx.text.arm_radix4_butterfly_inverse_f32), (8 bytes).
    Removing TransformFunctions.o(.text.arm_radix4_butterfly_f32), (378 bytes).
    Removing TransformFunctions.o(.ARM.exidx.text.arm_radix4_butterfly_f32), (8 bytes).
    Removing TransformFunctions.o(.text.arm_cfft_radix4_q15), (654 bytes).
    Removing TransformFunctions.o(.ARM.exidx.text.arm_cfft_radix4_q15), (8 bytes).
    Removing TransformFunctions.o(.text.arm_radix4_butterfly_inverse_q15), (950 bytes).
    Removing TransformFunctions.o(.ARM.exidx.text.arm_radix4_butterfly_inverse_q15), (8 bytes).
    Removing TransformFunctions.o(.text.arm_radix4_butterfly_q15), (950 bytes).
    Removing TransformFunctions.o(.ARM.exidx.text.arm_radix4_butterfly_q15), (8 bytes).
    Removing TransformFunctions.o(.text.arm_cfft_radix4_q31), (504 bytes).
    Removing TransformFunctions.o(.ARM.exidx.text.arm_cfft_radix4_q31), (8 bytes).
    Removing TransformFunctions.o(.text.arm_radix4_butterfly_inverse_q31), (1108 bytes).
    Removing TransformFunctions.o(.ARM.exidx.text.arm_radix4_butterfly_inverse_q31), (8 bytes).
    Removing TransformFunctions.o(.text.arm_radix4_butterfly_q31), (1162 bytes).
    Removing TransformFunctions.o(.ARM.exidx.text.arm_radix4_butterfly_q31), (8 bytes).
    Removing TransformFunctions.o(.text.arm_radix8_butterfly_f32), (1344 bytes).
    Removing TransformFunctions.o(.ARM.exidx.text.arm_radix8_butterfly_f32), (8 bytes).
    Removing TransformFunctions.o(.text.arm_rfft_fast_f32), (908 bytes).
    Removing TransformFunctions.o(.ARM.exidx.text.arm_rfft_fast_f32), (8 bytes).
    Removing TransformFunctions.o(.text.arm_rfft_fast_f64), (1462 bytes).
    Removing TransformFunctions.o(.ARM.exidx.text.arm_rfft_fast_f64), (8 bytes).
    Removing TransformFunctions.o(.text.arm_rfft_fast_init_32_f32), (116 bytes).
    Removing TransformFunctions.o(.ARM.exidx.text.arm_rfft_fast_init_32_f32), (8 bytes).
    Removing TransformFunctions.o(.text.arm_rfft_fast_init_64_f32), (116 bytes).
    Removing TransformFunctions.o(.ARM.exidx.text.arm_rfft_fast_init_64_f32), (8 bytes).
    Removing TransformFunctions.o(.text.arm_rfft_fast_init_128_f32), (116 bytes).
    Removing TransformFunctions.o(.ARM.exidx.text.arm_rfft_fast_init_128_f32), (8 bytes).
    Removing TransformFunctions.o(.text.arm_rfft_fast_init_256_f32), (118 bytes).
    Removing TransformFunctions.o(.ARM.exidx.text.arm_rfft_fast_init_256_f32), (8 bytes).
    Removing TransformFunctions.o(.text.arm_rfft_fast_init_512_f32), (120 bytes).
    Removing TransformFunctions.o(.ARM.exidx.text.arm_rfft_fast_init_512_f32), (8 bytes).
    Removing TransformFunctions.o(.text.arm_rfft_fast_init_1024_f32), (122 bytes).
    Removing TransformFunctions.o(.ARM.exidx.text.arm_rfft_fast_init_1024_f32), (8 bytes).
    Removing TransformFunctions.o(.text.arm_rfft_fast_init_2048_f32), (122 bytes).
    Removing TransformFunctions.o(.ARM.exidx.text.arm_rfft_fast_init_2048_f32), (8 bytes).
    Removing TransformFunctions.o(.text.arm_rfft_fast_init_4096_f32), (122 bytes).
    Removing TransformFunctions.o(.ARM.exidx.text.arm_rfft_fast_init_4096_f32), (8 bytes).
    Removing TransformFunctions.o(.text.arm_rfft_fast_init_f32), (800 bytes).
    Removing TransformFunctions.o(.ARM.exidx.text.arm_rfft_fast_init_f32), (8 bytes).
    Removing TransformFunctions.o(.text.arm_rfft_fast_init_32_f64), (56 bytes).
    Removing TransformFunctions.o(.ARM.exidx.text.arm_rfft_fast_init_32_f64), (8 bytes).
    Removing TransformFunctions.o(.text.arm_rfft_fast_init_64_f64), (56 bytes).
    Removing TransformFunctions.o(.ARM.exidx.text.arm_rfft_fast_init_64_f64), (8 bytes).
    Removing TransformFunctions.o(.text.arm_rfft_fast_init_128_f64), (56 bytes).
    Removing TransformFunctions.o(.ARM.exidx.text.arm_rfft_fast_init_128_f64), (8 bytes).
    Removing TransformFunctions.o(.text.arm_rfft_fast_init_256_f64), (58 bytes).
    Removing TransformFunctions.o(.ARM.exidx.text.arm_rfft_fast_init_256_f64), (8 bytes).
    Removing TransformFunctions.o(.text.arm_rfft_fast_init_512_f64), (60 bytes).
    Removing TransformFunctions.o(.ARM.exidx.text.arm_rfft_fast_init_512_f64), (8 bytes).
    Removing TransformFunctions.o(.text.arm_rfft_fast_init_1024_f64), (62 bytes).
    Removing TransformFunctions.o(.ARM.exidx.text.arm_rfft_fast_init_1024_f64), (8 bytes).
    Removing TransformFunctions.o(.text.arm_rfft_fast_init_2048_f64), (62 bytes).
    Removing TransformFunctions.o(.ARM.exidx.text.arm_rfft_fast_init_2048_f64), (8 bytes).
    Removing TransformFunctions.o(.text.arm_rfft_fast_init_4096_f64), (62 bytes).
    Removing TransformFunctions.o(.ARM.exidx.text.arm_rfft_fast_init_4096_f64), (8 bytes).
    Removing TransformFunctions.o(.text.arm_rfft_fast_init_f64), (374 bytes).
    Removing TransformFunctions.o(.ARM.exidx.text.arm_rfft_fast_init_f64), (8 bytes).
    Removing TransformFunctions.o(.text.arm_mfcc_init_f32), (788 bytes).
    Removing TransformFunctions.o(.ARM.exidx.text.arm_mfcc_init_f32), (8 bytes).
    Removing TransformFunctions.o(.text.arm_mfcc_init_32_f32), (150 bytes).
    Removing TransformFunctions.o(.ARM.exidx.text.arm_mfcc_init_32_f32), (8 bytes).
    Removing TransformFunctions.o(.text.arm_mfcc_init_64_f32), (150 bytes).
    Removing TransformFunctions.o(.ARM.exidx.text.arm_mfcc_init_64_f32), (8 bytes).
    Removing TransformFunctions.o(.text.arm_mfcc_init_128_f32), (150 bytes).
    Removing TransformFunctions.o(.ARM.exidx.text.arm_mfcc_init_128_f32), (8 bytes).
    Removing TransformFunctions.o(.text.arm_mfcc_init_256_f32), (152 bytes).
    Removing TransformFunctions.o(.ARM.exidx.text.arm_mfcc_init_256_f32), (8 bytes).
    Removing TransformFunctions.o(.text.arm_mfcc_init_512_f32), (154 bytes).
    Removing TransformFunctions.o(.ARM.exidx.text.arm_mfcc_init_512_f32), (8 bytes).
    Removing TransformFunctions.o(.text.arm_mfcc_init_1024_f32), (156 bytes).
    Removing TransformFunctions.o(.ARM.exidx.text.arm_mfcc_init_1024_f32), (8 bytes).
    Removing TransformFunctions.o(.text.arm_mfcc_init_2048_f32), (156 bytes).
    Removing TransformFunctions.o(.ARM.exidx.text.arm_mfcc_init_2048_f32), (8 bytes).
    Removing TransformFunctions.o(.text.arm_mfcc_init_4096_f32), (156 bytes).
    Removing TransformFunctions.o(.ARM.exidx.text.arm_mfcc_init_4096_f32), (8 bytes).
    Removing TransformFunctions.o(.text.arm_mfcc_f32), (704 bytes).
    Removing TransformFunctions.o(.ARM.exidx.text.arm_mfcc_f32), (8 bytes).
    Removing TransformFunctions.o(.text.arm_mfcc_init_q31), (846 bytes).
    Removing TransformFunctions.o(.ARM.exidx.text.arm_mfcc_init_q31), (8 bytes).
    Removing TransformFunctions.o(.text.arm_rfft_init_q31), (860 bytes).
    Removing TransformFunctions.o(.ARM.exidx.text.arm_rfft_init_q31), (8 bytes).
    Removing TransformFunctions.o(.text.arm_mfcc_init_32_q31), (170 bytes).
    Removing TransformFunctions.o(.ARM.exidx.text.arm_mfcc_init_32_q31), (8 bytes).
    Removing TransformFunctions.o(.text.arm_rfft_init_32_q31), (128 bytes).
    Removing TransformFunctions.o(.ARM.exidx.text.arm_rfft_init_32_q31), (8 bytes).
    Removing TransformFunctions.o(.text.arm_mfcc_init_64_q31), (172 bytes).
    Removing TransformFunctions.o(.ARM.exidx.text.arm_mfcc_init_64_q31), (8 bytes).
    Removing TransformFunctions.o(.text.arm_rfft_init_64_q31), (126 bytes).
    Removing TransformFunctions.o(.ARM.exidx.text.arm_rfft_init_64_q31), (8 bytes).
    Removing TransformFunctions.o(.text.arm_mfcc_init_128_q31), (170 bytes).
    Removing TransformFunctions.o(.ARM.exidx.text.arm_mfcc_init_128_q31), (8 bytes).
    Removing TransformFunctions.o(.text.arm_rfft_init_128_q31), (124 bytes).
    Removing TransformFunctions.o(.ARM.exidx.text.arm_rfft_init_128_q31), (8 bytes).
    Removing TransformFunctions.o(.text.arm_mfcc_init_256_q31), (170 bytes).
    Removing TransformFunctions.o(.ARM.exidx.text.arm_mfcc_init_256_q31), (8 bytes).
    Removing TransformFunctions.o(.text.arm_rfft_init_256_q31), (128 bytes).
    Removing TransformFunctions.o(.ARM.exidx.text.arm_rfft_init_256_q31), (8 bytes).
    Removing TransformFunctions.o(.text.arm_mfcc_init_512_q31), (172 bytes).
    Removing TransformFunctions.o(.ARM.exidx.text.arm_mfcc_init_512_q31), (8 bytes).
    Removing TransformFunctions.o(.text.arm_rfft_init_512_q31), (130 bytes).
    Removing TransformFunctions.o(.ARM.exidx.text.arm_rfft_init_512_q31), (8 bytes).
    Removing TransformFunctions.o(.text.arm_mfcc_init_1024_q31), (178 bytes).
    Removing TransformFunctions.o(.ARM.exidx.text.arm_mfcc_init_1024_q31), (8 bytes).
    Removing TransformFunctions.o(.text.arm_rfft_init_1024_q31), (132 bytes).
    Removing TransformFunctions.o(.ARM.exidx.text.arm_rfft_init_1024_q31), (8 bytes).
    Removing TransformFunctions.o(.text.arm_mfcc_init_2048_q31), (178 bytes).
    Removing TransformFunctions.o(.ARM.exidx.text.arm_mfcc_init_2048_q31), (8 bytes).
    Removing TransformFunctions.o(.text.arm_rfft_init_2048_q31), (132 bytes).
    Removing TransformFunctions.o(.ARM.exidx.text.arm_rfft_init_2048_q31), (8 bytes).
    Removing TransformFunctions.o(.text.arm_mfcc_init_4096_q31), (178 bytes).
    Removing TransformFunctions.o(.ARM.exidx.text.arm_mfcc_init_4096_q31), (8 bytes).
    Removing TransformFunctions.o(.text.arm_rfft_init_4096_q31), (132 bytes).
    Removing TransformFunctions.o(.ARM.exidx.text.arm_rfft_init_4096_q31), (8 bytes).
    Removing TransformFunctions.o(.text.arm_mfcc_q31), (352 bytes).
    Removing TransformFunctions.o(.ARM.exidx.text.arm_mfcc_q31), (8 bytes).
    Removing TransformFunctions.o(.text.arm_rfft_q31), (424 bytes).
    Removing TransformFunctions.o(.ARM.exidx.text.arm_rfft_q31), (8 bytes).
    Removing TransformFunctions.o(.text.arm_mfcc_init_q15), (846 bytes).
    Removing TransformFunctions.o(.ARM.exidx.text.arm_mfcc_init_q15), (8 bytes).
    Removing TransformFunctions.o(.text.arm_rfft_init_q15), (860 bytes).
    Removing TransformFunctions.o(.ARM.exidx.text.arm_rfft_init_q15), (8 bytes).
    Removing TransformFunctions.o(.text.arm_mfcc_init_32_q15), (170 bytes).
    Removing TransformFunctions.o(.ARM.exidx.text.arm_mfcc_init_32_q15), (8 bytes).
    Removing TransformFunctions.o(.text.arm_rfft_init_32_q15), (128 bytes).
    Removing TransformFunctions.o(.ARM.exidx.text.arm_rfft_init_32_q15), (8 bytes).
    Removing TransformFunctions.o(.text.arm_mfcc_init_64_q15), (172 bytes).
    Removing TransformFunctions.o(.ARM.exidx.text.arm_mfcc_init_64_q15), (8 bytes).
    Removing TransformFunctions.o(.text.arm_rfft_init_64_q15), (126 bytes).
    Removing TransformFunctions.o(.ARM.exidx.text.arm_rfft_init_64_q15), (8 bytes).
    Removing TransformFunctions.o(.text.arm_mfcc_init_128_q15), (170 bytes).
    Removing TransformFunctions.o(.ARM.exidx.text.arm_mfcc_init_128_q15), (8 bytes).
    Removing TransformFunctions.o(.text.arm_rfft_init_128_q15), (124 bytes).
    Removing TransformFunctions.o(.ARM.exidx.text.arm_rfft_init_128_q15), (8 bytes).
    Removing TransformFunctions.o(.text.arm_mfcc_init_256_q15), (170 bytes).
    Removing TransformFunctions.o(.ARM.exidx.text.arm_mfcc_init_256_q15), (8 bytes).
    Removing TransformFunctions.o(.text.arm_rfft_init_256_q15), (128 bytes).
    Removing TransformFunctions.o(.ARM.exidx.text.arm_rfft_init_256_q15), (8 bytes).
    Removing TransformFunctions.o(.text.arm_mfcc_init_512_q15), (172 bytes).
    Removing TransformFunctions.o(.ARM.exidx.text.arm_mfcc_init_512_q15), (8 bytes).
    Removing TransformFunctions.o(.text.arm_rfft_init_512_q15), (130 bytes).
    Removing TransformFunctions.o(.ARM.exidx.text.arm_rfft_init_512_q15), (8 bytes).
    Removing TransformFunctions.o(.text.arm_mfcc_init_1024_q15), (178 bytes).
    Removing TransformFunctions.o(.ARM.exidx.text.arm_mfcc_init_1024_q15), (8 bytes).
    Removing TransformFunctions.o(.text.arm_rfft_init_1024_q15), (132 bytes).
    Removing TransformFunctions.o(.ARM.exidx.text.arm_rfft_init_1024_q15), (8 bytes).
    Removing TransformFunctions.o(.text.arm_mfcc_init_2048_q15), (178 bytes).
    Removing TransformFunctions.o(.ARM.exidx.text.arm_mfcc_init_2048_q15), (8 bytes).
    Removing TransformFunctions.o(.text.arm_rfft_init_2048_q15), (132 bytes).
    Removing TransformFunctions.o(.ARM.exidx.text.arm_rfft_init_2048_q15), (8 bytes).
    Removing TransformFunctions.o(.text.arm_mfcc_init_4096_q15), (178 bytes).
    Removing TransformFunctions.o(.ARM.exidx.text.arm_mfcc_init_4096_q15), (8 bytes).
    Removing TransformFunctions.o(.text.arm_rfft_init_4096_q15), (132 bytes).
    Removing TransformFunctions.o(.ARM.exidx.text.arm_rfft_init_4096_q15), (8 bytes).
    Removing TransformFunctions.o(.text.arm_mfcc_q15), (502 bytes).
    Removing TransformFunctions.o(.ARM.exidx.text.arm_mfcc_q15), (8 bytes).
    Removing TransformFunctions.o(.text.arm_rfft_q15), (432 bytes).
    Removing TransformFunctions.o(.ARM.exidx.text.arm_rfft_q15), (8 bytes).
    Removing TransformFunctions.o(.text.arm_dct4_f32), (610 bytes).
    Removing TransformFunctions.o(.ARM.exidx.text.arm_dct4_f32), (8 bytes).
    Removing TransformFunctions.o(.text.arm_rfft_f32), (1786 bytes).
    Removing TransformFunctions.o(.ARM.exidx.text.arm_rfft_f32), (8 bytes).
    Removing TransformFunctions.o(.text.arm_dct4_init_f32), (400 bytes).
    Removing TransformFunctions.o(.ARM.exidx.text.arm_dct4_init_f32), (8 bytes).
    Removing TransformFunctions.o(.text.arm_rfft_init_f32), (304 bytes).
    Removing TransformFunctions.o(.ARM.exidx.text.arm_rfft_init_f32), (8 bytes).
    Removing TransformFunctions.o(.text.arm_dct4_init_q15), (952 bytes).
    Removing TransformFunctions.o(.ARM.exidx.text.arm_dct4_init_q15), (8 bytes).
    Removing TransformFunctions.o(.text.arm_dct4_init_q31), (952 bytes).
    Removing TransformFunctions.o(.ARM.exidx.text.arm_dct4_init_q31), (8 bytes).
    Removing TransformFunctions.o(.text.arm_dct4_q15), (666 bytes).
    Removing TransformFunctions.o(.ARM.exidx.text.arm_dct4_q15), (8 bytes).
    Removing TransformFunctions.o(.text.arm_dct4_q31), (656 bytes).
    Removing TransformFunctions.o(.ARM.exidx.text.arm_dct4_q31), (8 bytes).
    Removing TransformFunctions.o(.text.arm_split_rifft_f32), (694 bytes).
    Removing TransformFunctions.o(.ARM.exidx.text.arm_split_rifft_f32), (8 bytes).
    Removing TransformFunctions.o(.text.arm_split_rfft_f32), (960 bytes).
    Removing TransformFunctions.o(.ARM.exidx.text.arm_split_rfft_f32), (8 bytes).
    Removing TransformFunctions.o(.text.arm_split_rifft_q15), (176 bytes).
    Removing TransformFunctions.o(.ARM.exidx.text.arm_split_rifft_q15), (8 bytes).
    Removing TransformFunctions.o(.text.arm_split_rfft_q15), (224 bytes).
    Removing TransformFunctions.o(.ARM.exidx.text.arm_split_rfft_q15), (8 bytes).
    Removing TransformFunctions.o(.text.arm_split_rifft_q31), (184 bytes).
    Removing TransformFunctions.o(.ARM.exidx.text.arm_split_rifft_q31), (8 bytes).
    Removing TransformFunctions.o(.text.arm_split_rfft_q31), (200 bytes).
    Removing TransformFunctions.o(.ARM.exidx.text.arm_split_rfft_q31), (8 bytes).
    Removing TransformFunctions.o(.text.arm_cfft_radix4_init_f32), (152 bytes).
    Removing TransformFunctions.o(.ARM.exidx.text.arm_cfft_radix4_init_f32), (8 bytes).
    Removing TransformFunctions.o(.text.arm_rfft_init_8192_q15), (132 bytes).
    Removing TransformFunctions.o(.ARM.exidx.text.arm_rfft_init_8192_q15), (8 bytes).
    Removing TransformFunctions.o(.text.arm_rfft_init_8192_q31), (132 bytes).
    Removing TransformFunctions.o(.ARM.exidx.text.arm_rfft_init_8192_q31), (8 bytes).
    Removing TransformFunctions.o(.text.arm_cfft_radix4_init_q15), (108 bytes).
    Removing TransformFunctions.o(.ARM.exidx.text.arm_cfft_radix4_init_q15), (8 bytes).
    Removing TransformFunctions.o(.text.arm_cfft_radix4_init_q31), (108 bytes).
    Removing TransformFunctions.o(.ARM.exidx.text.arm_cfft_radix4_init_q31), (8 bytes).
    Removing TransformFunctions.o(.text.arm_cfft_radix2_init_f32), (244 bytes).
    Removing TransformFunctions.o(.ARM.exidx.text.arm_cfft_radix2_init_f32), (8 bytes).
    Removing TransformFunctions.o(.text.arm_cfft_radix2_init_q15), (166 bytes).
    Removing TransformFunctions.o(.ARM.exidx.text.arm_cfft_radix2_init_q15), (8 bytes).
    Removing TransformFunctions.o(.text.arm_cfft_radix2_init_q31), (166 bytes).
    Removing TransformFunctions.o(.ARM.exidx.text.arm_cfft_radix2_init_q31), (8 bytes).
    Removing TransformFunctionsF16.o(.text), (0 bytes).
    Removing TransformFunctionsF16.o(.text.arm_cfft_f16), (1916 bytes).
    Removing TransformFunctionsF16.o(.ARM.exidx.text.arm_cfft_f16), (8 bytes).
    Removing TransformFunctionsF16.o(.text._arm_radix4_butterfly_inverse_f16_mve), (432 bytes).
    Removing TransformFunctionsF16.o(.ARM.exidx.text._arm_radix4_butterfly_inverse_f16_mve), (8 bytes).
    Removing TransformFunctionsF16.o(.text.arm_cfft_init_4096_f16), (98 bytes).
    Removing TransformFunctionsF16.o(.ARM.exidx.text.arm_cfft_init_4096_f16), (8 bytes).
    Removing TransformFunctionsF16.o(.text.arm_cfft_init_2048_f16), (98 bytes).
    Removing TransformFunctionsF16.o(.ARM.exidx.text.arm_cfft_init_2048_f16), (8 bytes).
    Removing TransformFunctionsF16.o(.text.arm_cfft_init_1024_f16), (98 bytes).
    Removing TransformFunctionsF16.o(.ARM.exidx.text.arm_cfft_init_1024_f16), (8 bytes).
    Removing TransformFunctionsF16.o(.text.arm_cfft_init_512_f16), (98 bytes).
    Removing TransformFunctionsF16.o(.ARM.exidx.text.arm_cfft_init_512_f16), (8 bytes).
    Removing TransformFunctionsF16.o(.text.arm_cfft_init_256_f16), (96 bytes).
    Removing TransformFunctionsF16.o(.ARM.exidx.text.arm_cfft_init_256_f16), (8 bytes).
    Removing TransformFunctionsF16.o(.text.arm_cfft_init_128_f16), (94 bytes).
    Removing TransformFunctionsF16.o(.ARM.exidx.text.arm_cfft_init_128_f16), (8 bytes).
    Removing TransformFunctionsF16.o(.text.arm_cfft_init_64_f16), (94 bytes).
    Removing TransformFunctionsF16.o(.ARM.exidx.text.arm_cfft_init_64_f16), (8 bytes).
    Removing TransformFunctionsF16.o(.text.arm_cfft_init_32_f16), (94 bytes).
    Removing TransformFunctionsF16.o(.ARM.exidx.text.arm_cfft_init_32_f16), (8 bytes).
    Removing TransformFunctionsF16.o(.text.arm_cfft_init_16_f16), (94 bytes).
    Removing TransformFunctionsF16.o(.ARM.exidx.text.arm_cfft_init_16_f16), (8 bytes).
    Removing TransformFunctionsF16.o(.text.arm_cfft_init_f16), (736 bytes).
    Removing TransformFunctionsF16.o(.ARM.exidx.text.arm_cfft_init_f16), (8 bytes).
    Removing TransformFunctionsF16.o(.text.arm_cfft_radix2_f16), (68 bytes).
    Removing TransformFunctionsF16.o(.ARM.exidx.text.arm_cfft_radix2_f16), (8 bytes).
    Removing TransformFunctionsF16.o(.text.arm_radix2_butterfly_inverse_f16), (1952 bytes).
    Removing TransformFunctionsF16.o(.ARM.exidx.text.arm_radix2_butterfly_inverse_f16), (8 bytes).
    Removing TransformFunctionsF16.o(.text.arm_radix2_butterfly_f16), (1824 bytes).
    Removing TransformFunctionsF16.o(.ARM.exidx.text.arm_radix2_butterfly_f16), (8 bytes).
    Removing TransformFunctionsF16.o(.text.arm_bitreversal_f16), (184 bytes).
    Removing TransformFunctionsF16.o(.ARM.exidx.text.arm_bitreversal_f16), (8 bytes).
    Removing TransformFunctionsF16.o(.text.arm_cfft_radix4by2_f16), (376 bytes).
    Removing TransformFunctionsF16.o(.ARM.exidx.text.arm_cfft_radix4by2_f16), (8 bytes).
    Removing TransformFunctionsF16.o(.text.arm_radix4_butterfly_f16), (3728 bytes).
    Removing TransformFunctionsF16.o(.ARM.exidx.text.arm_radix4_butterfly_f16), (8 bytes).
    Removing TransformFunctionsF16.o(.text.arm_cfft_radix4_f16), (68 bytes).
    Removing TransformFunctionsF16.o(.ARM.exidx.text.arm_cfft_radix4_f16), (8 bytes).
    Removing TransformFunctionsF16.o(.text.arm_radix4_butterfly_inverse_f16), (3296 bytes).
    Removing TransformFunctionsF16.o(.ARM.exidx.text.arm_radix4_butterfly_inverse_f16), (8 bytes).
    Removing TransformFunctionsF16.o(.text.arm_rfft_fast_init_32_f16), (116 bytes).
    Removing TransformFunctionsF16.o(.ARM.exidx.text.arm_rfft_fast_init_32_f16), (8 bytes).
    Removing TransformFunctionsF16.o(.text.arm_rfft_fast_init_64_f16), (116 bytes).
    Removing TransformFunctionsF16.o(.ARM.exidx.text.arm_rfft_fast_init_64_f16), (8 bytes).
    Removing TransformFunctionsF16.o(.text.arm_rfft_fast_init_128_f16), (116 bytes).
    Removing TransformFunctionsF16.o(.ARM.exidx.text.arm_rfft_fast_init_128_f16), (8 bytes).
    Removing TransformFunctionsF16.o(.text.arm_rfft_fast_init_256_f16), (118 bytes).
    Removing TransformFunctionsF16.o(.ARM.exidx.text.arm_rfft_fast_init_256_f16), (8 bytes).
    Removing TransformFunctionsF16.o(.text.arm_rfft_fast_init_512_f16), (120 bytes).
    Removing TransformFunctionsF16.o(.ARM.exidx.text.arm_rfft_fast_init_512_f16), (8 bytes).
    Removing TransformFunctionsF16.o(.text.arm_rfft_fast_init_1024_f16), (122 bytes).
    Removing TransformFunctionsF16.o(.ARM.exidx.text.arm_rfft_fast_init_1024_f16), (8 bytes).
    Removing TransformFunctionsF16.o(.text.arm_rfft_fast_init_2048_f16), (122 bytes).
    Removing TransformFunctionsF16.o(.ARM.exidx.text.arm_rfft_fast_init_2048_f16), (8 bytes).
    Removing TransformFunctionsF16.o(.text.arm_rfft_fast_init_4096_f16), (122 bytes).
    Removing TransformFunctionsF16.o(.ARM.exidx.text.arm_rfft_fast_init_4096_f16), (8 bytes).
    Removing TransformFunctionsF16.o(.text.arm_rfft_fast_init_f16), (800 bytes).
    Removing TransformFunctionsF16.o(.ARM.exidx.text.arm_rfft_fast_init_f16), (8 bytes).
    Removing TransformFunctionsF16.o(.text.arm_rfft_fast_f16), (1580 bytes).
    Removing TransformFunctionsF16.o(.ARM.exidx.text.arm_rfft_fast_f16), (8 bytes).
    Removing TransformFunctionsF16.o(.text.arm_radix8_butterfly_f16), (1308 bytes).
    Removing TransformFunctionsF16.o(.ARM.exidx.text.arm_radix8_butterfly_f16), (8 bytes).
    Removing TransformFunctionsF16.o(.text.arm_mfcc_init_f16), (788 bytes).
    Removing TransformFunctionsF16.o(.ARM.exidx.text.arm_mfcc_init_f16), (8 bytes).
    Removing TransformFunctionsF16.o(.text.arm_mfcc_init_32_f16), (150 bytes).
    Removing TransformFunctionsF16.o(.ARM.exidx.text.arm_mfcc_init_32_f16), (8 bytes).
    Removing TransformFunctionsF16.o(.text.arm_mfcc_init_64_f16), (150 bytes).
    Removing TransformFunctionsF16.o(.ARM.exidx.text.arm_mfcc_init_64_f16), (8 bytes).
    Removing TransformFunctionsF16.o(.text.arm_mfcc_init_128_f16), (150 bytes).
    Removing TransformFunctionsF16.o(.ARM.exidx.text.arm_mfcc_init_128_f16), (8 bytes).
    Removing TransformFunctionsF16.o(.text.arm_mfcc_init_256_f16), (152 bytes).
    Removing TransformFunctionsF16.o(.ARM.exidx.text.arm_mfcc_init_256_f16), (8 bytes).
    Removing TransformFunctionsF16.o(.text.arm_mfcc_init_512_f16), (154 bytes).
    Removing TransformFunctionsF16.o(.ARM.exidx.text.arm_mfcc_init_512_f16), (8 bytes).
    Removing TransformFunctionsF16.o(.text.arm_mfcc_init_1024_f16), (156 bytes).
    Removing TransformFunctionsF16.o(.ARM.exidx.text.arm_mfcc_init_1024_f16), (8 bytes).
    Removing TransformFunctionsF16.o(.text.arm_mfcc_init_2048_f16), (156 bytes).
    Removing TransformFunctionsF16.o(.ARM.exidx.text.arm_mfcc_init_2048_f16), (8 bytes).
    Removing TransformFunctionsF16.o(.text.arm_mfcc_init_4096_f16), (156 bytes).
    Removing TransformFunctionsF16.o(.ARM.exidx.text.arm_mfcc_init_4096_f16), (8 bytes).
    Removing TransformFunctionsF16.o(.text.arm_mfcc_f16), (1090 bytes).
    Removing TransformFunctionsF16.o(.ARM.exidx.text.arm_mfcc_f16), (8 bytes).
    Removing TransformFunctionsF16.o(.text.arm_cfft_radix2_init_f16), (224 bytes).
    Removing TransformFunctionsF16.o(.ARM.exidx.text.arm_cfft_radix2_init_f16), (8 bytes).
    Removing TransformFunctionsF16.o(.text.arm_cfft_radix4_init_f16), (142 bytes).
    Removing TransformFunctionsF16.o(.ARM.exidx.text.arm_cfft_radix4_init_f16), (8 bytes).
    Removing WindowFunctions.o(.text), (0 bytes).
    Removing WindowFunctions.o(.text.arm_welch_f32), (128 bytes).
    Removing WindowFunctions.o(.ARM.exidx.text.arm_welch_f32), (8 bytes).
    Removing WindowFunctions.o(.text.arm_welch_f64), (360 bytes).
    Removing WindowFunctions.o(.ARM.exidx.text.arm_welch_f64), (8 bytes).
    Removing WindowFunctions.o(.text.arm_bartlett_f32), (208 bytes).
    Removing WindowFunctions.o(.ARM.exidx.text.arm_bartlett_f32), (8 bytes).
    Removing WindowFunctions.o(.text.arm_bartlett_f64), (384 bytes).
    Removing WindowFunctions.o(.ARM.exidx.text.arm_bartlett_f64), (8 bytes).
    Removing WindowFunctions.o(.text.arm_hamming_f32), (112 bytes).
    Removing WindowFunctions.o(.ARM.exidx.text.arm_hamming_f32), (8 bytes).
    Removing WindowFunctions.o(.text.arm_hamming_f64), (128 bytes).
    Removing WindowFunctions.o(.ARM.exidx.text.arm_hamming_f64), (8 bytes).
    Removing WindowFunctions.o(.text.arm_hanning_f32), (100 bytes).
    Removing WindowFunctions.o(.ARM.exidx.text.arm_hanning_f32), (8 bytes).
    Removing WindowFunctions.o(.text.arm_hanning_f64), (104 bytes).
    Removing WindowFunctions.o(.ARM.exidx.text.arm_hanning_f64), (8 bytes).
    Removing WindowFunctions.o(.text.arm_nuttall3_f32), (124 bytes).
    Removing WindowFunctions.o(.ARM.exidx.text.arm_nuttall3_f32), (8 bytes).
    Removing WindowFunctions.o(.text.arm_nuttall3_f64), (136 bytes).
    Removing WindowFunctions.o(.ARM.exidx.text.arm_nuttall3_f64), (8 bytes).
    Removing WindowFunctions.o(.text.arm_nuttall4_f32), (164 bytes).
    Removing WindowFunctions.o(.ARM.exidx.text.arm_nuttall4_f32), (8 bytes).
    Removing WindowFunctions.o(.text.arm_nuttall4_f64), (176 bytes).
    Removing WindowFunctions.o(.ARM.exidx.text.arm_nuttall4_f64), (8 bytes).
    Removing WindowFunctions.o(.text.arm_nuttall3a_f32), (132 bytes).
    Removing WindowFunctions.o(.ARM.exidx.text.arm_nuttall3a_f32), (8 bytes).
    Removing WindowFunctions.o(.text.arm_nuttall3a_f64), (152 bytes).
    Removing WindowFunctions.o(.ARM.exidx.text.arm_nuttall3a_f64), (8 bytes).
    Removing WindowFunctions.o(.text.arm_nuttall3b_f32), (136 bytes).
    Removing WindowFunctions.o(.ARM.exidx.text.arm_nuttall3b_f32), (8 bytes).
    Removing WindowFunctions.o(.text.arm_nuttall3b_f64), (160 bytes).
    Removing WindowFunctions.o(.ARM.exidx.text.arm_nuttall3b_f64), (8 bytes).
    Removing WindowFunctions.o(.text.arm_nuttall4a_f32), (176 bytes).
    Removing WindowFunctions.o(.ARM.exidx.text.arm_nuttall4a_f32), (8 bytes).
    Removing WindowFunctions.o(.text.arm_nuttall4a_f64), (200 bytes).
    Removing WindowFunctions.o(.ARM.exidx.text.arm_nuttall4a_f64), (8 bytes).
    Removing WindowFunctions.o(.text.arm_blackman_harris_92db_f32), (176 bytes).
    Removing WindowFunctions.o(.ARM.exidx.text.arm_blackman_harris_92db_f32), (8 bytes).
    Removing WindowFunctions.o(.text.arm_blackman_harris_92db_f64), (200 bytes).
    Removing WindowFunctions.o(.ARM.exidx.text.arm_blackman_harris_92db_f64), (8 bytes).
    Removing WindowFunctions.o(.text.arm_nuttall4b_f32), (176 bytes).
    Removing WindowFunctions.o(.ARM.exidx.text.arm_nuttall4b_f32), (8 bytes).
    Removing WindowFunctions.o(.text.arm_nuttall4b_f64), (200 bytes).
    Removing WindowFunctions.o(.ARM.exidx.text.arm_nuttall4b_f64), (8 bytes).
    Removing WindowFunctions.o(.text.arm_nuttall4c_f32), (176 bytes).
    Removing WindowFunctions.o(.ARM.exidx.text.arm_nuttall4c_f32), (8 bytes).
    Removing WindowFunctions.o(.text.arm_nuttall4c_f64), (200 bytes).
    Removing WindowFunctions.o(.ARM.exidx.text.arm_nuttall4c_f64), (8 bytes).
    Removing WindowFunctions.o(.text.arm_hft90d_f32), (200 bytes).
    Removing WindowFunctions.o(.ARM.exidx.text.arm_hft90d_f32), (8 bytes).
    Removing WindowFunctions.o(.text.arm_hft90d_f64), (224 bytes).
    Removing WindowFunctions.o(.ARM.exidx.text.arm_hft90d_f64), (8 bytes).
    Removing WindowFunctions.o(.text.arm_hft95_f32), (200 bytes).
    Removing WindowFunctions.o(.ARM.exidx.text.arm_hft95_f32), (8 bytes).
    Removing WindowFunctions.o(.text.arm_hft95_f64), (224 bytes).
    Removing WindowFunctions.o(.ARM.exidx.text.arm_hft95_f64), (8 bytes).
    Removing WindowFunctions.o(.text.arm_hft116d_f32), (232 bytes).
    Removing WindowFunctions.o(.ARM.exidx.text.arm_hft116d_f32), (8 bytes).
    Removing WindowFunctions.o(.text.arm_hft116d_f64), (256 bytes).
    Removing WindowFunctions.o(.ARM.exidx.text.arm_hft116d_f64), (8 bytes).
    Removing WindowFunctions.o(.text.arm_hft144d_f32), (264 bytes).
    Removing WindowFunctions.o(.ARM.exidx.text.arm_hft144d_f32), (8 bytes).
    Removing WindowFunctions.o(.text.arm_hft144d_f64), (296 bytes).
    Removing WindowFunctions.o(.ARM.exidx.text.arm_hft144d_f64), (8 bytes).
    Removing WindowFunctions.o(.text.arm_hft169d_f32), (296 bytes).
    Removing WindowFunctions.o(.ARM.exidx.text.arm_hft169d_f32), (8 bytes).
    Removing WindowFunctions.o(.text.arm_hft169d_f64), (344 bytes).
    Removing WindowFunctions.o(.ARM.exidx.text.arm_hft169d_f64), (8 bytes).
    Removing WindowFunctions.o(.text.arm_hft196d_f32), (328 bytes).
    Removing WindowFunctions.o(.ARM.exidx.text.arm_hft196d_f32), (8 bytes).
    Removing WindowFunctions.o(.text.arm_hft196d_f64), (384 bytes).
    Removing WindowFunctions.o(.ARM.exidx.text.arm_hft196d_f64), (8 bytes).
    Removing WindowFunctions.o(.text.arm_hft223d_f32), (360 bytes).
    Removing WindowFunctions.o(.ARM.exidx.text.arm_hft223d_f32), (8 bytes).
    Removing WindowFunctions.o(.text.arm_hft223d_f64), (424 bytes).
    Removing WindowFunctions.o(.ARM.exidx.text.arm_hft223d_f64), (8 bytes).
    Removing WindowFunctions.o(.text.arm_hft248d_f32), (392 bytes).
    Removing WindowFunctions.o(.ARM.exidx.text.arm_hft248d_f32), (8 bytes).
    Removing WindowFunctions.o(.text.arm_hft248d_f64), (464 bytes).
    Removing WindowFunctions.o(.ARM.exidx.text.arm_hft248d_f64), (8 bytes).
    Removing device_definition.o(.text), (0 bytes).
    Removing device_definition.o(.rodata.UART0_CMSDK_DEV_CFG_S), (8 bytes).
    Removing device_definition.o(.bss.UART0_CMSDK_DEV_DATA_S), (12 bytes).
    Removing device_definition.o(.data.UART0_CMSDK_DEV_S), (8 bytes).
    Removing device_definition.o(.rodata.UART1_CMSDK_DEV_CFG_S), (8 bytes).
    Removing device_definition.o(.bss.UART1_CMSDK_DEV_DATA_S), (12 bytes).
    Removing device_definition.o(.data.UART1_CMSDK_DEV_S), (8 bytes).
    Removing device_definition.o(.data.PPC_SSE300_MAIN0_CFG_S), (12 bytes).
    Removing device_definition.o(.bss.PPC_SSE300_MAIN0_DATA_S), (20 bytes).
    Removing device_definition.o(.data.PPC_SSE300_MAIN0_DEV_S), (8 bytes).
    Removing device_definition.o(.data.PPC_SSE300_MAIN_EXP0_CFG_S), (12 bytes).
    Removing device_definition.o(.bss.PPC_SSE300_MAIN_EXP0_DATA_S), (20 bytes).
    Removing device_definition.o(.data.PPC_SSE300_MAIN_EXP0_DEV_S), (8 bytes).
    Removing device_definition.o(.data.PPC_SSE300_MAIN_EXP1_CFG_S), (12 bytes).
    Removing device_definition.o(.bss.PPC_SSE300_MAIN_EXP1_DATA_S), (20 bytes).
    Removing device_definition.o(.data.PPC_SSE300_MAIN_EXP1_DEV_S), (8 bytes).
    Removing device_definition.o(.data.PPC_SSE300_MAIN_EXP2_CFG_S), (12 bytes).
    Removing device_definition.o(.bss.PPC_SSE300_MAIN_EXP2_DATA_S), (20 bytes).
    Removing device_definition.o(.data.PPC_SSE300_MAIN_EXP2_DEV_S), (8 bytes).
    Removing device_definition.o(.data.PPC_SSE300_MAIN_EXP3_CFG_S), (12 bytes).
    Removing device_definition.o(.bss.PPC_SSE300_MAIN_EXP3_DATA_S), (20 bytes).
    Removing device_definition.o(.data.PPC_SSE300_MAIN_EXP3_DEV_S), (8 bytes).
    Removing device_definition.o(.data.PPC_SSE300_PERIPH0_CFG_S), (12 bytes).
    Removing device_definition.o(.bss.PPC_SSE300_PERIPH0_DATA_S), (20 bytes).
    Removing device_definition.o(.data.PPC_SSE300_PERIPH0_DEV_S), (8 bytes).
    Removing device_definition.o(.data.PPC_SSE300_PERIPH1_CFG_S), (12 bytes).
    Removing device_definition.o(.bss.PPC_SSE300_PERIPH1_DATA_S), (20 bytes).
    Removing device_definition.o(.data.PPC_SSE300_PERIPH1_DEV_S), (8 bytes).
    Removing device_definition.o(.data.PPC_SSE300_PERIPH_EXP0_CFG_S), (12 bytes).
    Removing device_definition.o(.bss.PPC_SSE300_PERIPH_EXP0_DATA_S), (20 bytes).
    Removing device_definition.o(.data.PPC_SSE300_PERIPH_EXP0_DEV_S), (8 bytes).
    Removing device_definition.o(.data.PPC_SSE300_PERIPH_EXP1_CFG_S), (12 bytes).
    Removing device_definition.o(.bss.PPC_SSE300_PERIPH_EXP1_DATA_S), (20 bytes).
    Removing device_definition.o(.data.PPC_SSE300_PERIPH_EXP1_DEV_S), (8 bytes).
    Removing device_definition.o(.data.PPC_SSE300_PERIPH_EXP2_CFG_S), (12 bytes).
    Removing device_definition.o(.bss.PPC_SSE300_PERIPH_EXP2_DATA_S), (20 bytes).
    Removing device_definition.o(.data.PPC_SSE300_PERIPH_EXP2_DEV_S), (8 bytes).
    Removing device_definition.o(.data.PPC_SSE300_PERIPH_EXP3_CFG_S), (12 bytes).
    Removing device_definition.o(.bss.PPC_SSE300_PERIPH_EXP3_DATA_S), (20 bytes).
    Removing device_definition.o(.data.PPC_SSE300_PERIPH_EXP3_DEV_S), (8 bytes).
    Removing device_definition.o(.rodata.SYSCOUNTER_CNTRL_ARMV8_M_DEV_CFG_S), (20 bytes).
    Removing device_definition.o(.bss.SYSCOUNTER_CNTRL_ARMV8_M_DEV_DATA_S), (1 bytes).
    Removing device_definition.o(.data.SYSCOUNTER_CNTRL_ARMV8_M_DEV_S), (8 bytes).
    Removing device_definition.o(.rodata.SYSCOUNTER_READ_ARMV8_M_DEV_CFG_S), (4 bytes).
    Removing device_definition.o(.data.SYSCOUNTER_READ_ARMV8_M_DEV_S), (4 bytes).
    Removing device_definition.o(.rodata.SYSTIMER0_ARMV8_M_DEV_CFG_S), (8 bytes).
    Removing device_definition.o(.bss.SYSTIMER0_ARMV8_M_DEV_DATA_S), (1 bytes).
    Removing device_definition.o(.data.SYSTIMER0_ARMV8_M_DEV_S), (8 bytes).
    Removing device_definition.o(.rodata.SYSTIMER1_ARMV8_M_DEV_CFG_S), (8 bytes).
    Removing device_definition.o(.bss.SYSTIMER1_ARMV8_M_DEV_DATA_S), (1 bytes).
    Removing device_definition.o(.data.SYSTIMER1_ARMV8_M_DEV_S), (8 bytes).
    Removing device_definition.o(.rodata.SYSTIMER2_ARMV8_M_DEV_CFG_S), (8 bytes).
    Removing device_definition.o(.bss.SYSTIMER2_ARMV8_M_DEV_DATA_S), (1 bytes).
    Removing device_definition.o(.data.SYSTIMER2_ARMV8_M_DEV_S), (8 bytes).
    Removing device_definition.o(.rodata.SYSTIMER3_ARMV8_M_DEV_CFG_S), (8 bytes).
    Removing device_definition.o(.bss.SYSTIMER3_ARMV8_M_DEV_DATA_S), (1 bytes).
    Removing device_definition.o(.data.SYSTIMER3_ARMV8_M_DEV_S), (8 bytes).
    Removing device_definition.o(.rodata.SYSWDOG_ARMV8_M_DEV_CFG_S), (4 bytes).
    Removing device_definition.o(.data.SYSWDOG_ARMV8_M_DEV_S), (4 bytes).
    Removing device_definition.o(.rodata.MPC_SRAM_DEV_CFG_S), (4 bytes).
    Removing device_definition.o(.bss.MPC_SRAM_DEV_DATA_S), (12 bytes).
    Removing device_definition.o(.data.MPC_SRAM_DEV_S), (8 bytes).
    Removing device_definition.o(.rodata.MPC_QSPI_DEV_CFG_S), (4 bytes).
    Removing device_definition.o(.bss.MPC_QSPI_DEV_DATA_S), (12 bytes).
    Removing device_definition.o(.data.MPC_QSPI_DEV_S), (8 bytes).
    Removing device_definition.o(.rodata.MPC_ISRAM0_DEV_CFG_S), (4 bytes).
    Removing device_definition.o(.bss.MPC_ISRAM0_DEV_DATA_S), (12 bytes).
    Removing device_definition.o(.data.MPC_ISRAM0_DEV_S), (8 bytes).
    Removing device_definition.o(.rodata.MPC_ISRAM1_DEV_CFG_S), (4 bytes).
    Removing device_definition.o(.bss.MPC_ISRAM1_DEV_DATA_S), (12 bytes).
    Removing device_definition.o(.data.MPC_ISRAM1_DEV_S), (8 bytes).
    Removing device_definition.o(.data.MPS3_IO_DEV_CFG_S), (4 bytes).
    Removing device_definition.o(.data.MPS3_IO_DEV_S), (4 bytes).
    Removing device_definition.o(.rodata.GPIO0_CMSDK_DEV_CFG_S), (4 bytes).
    Removing device_definition.o(.data.GPIO0_CMSDK_DEV_S), (4 bytes).
    Removing device_definition.o(.rodata.GPIO1_CMSDK_DEV_CFG_S), (4 bytes).
    Removing device_definition.o(.data.GPIO1_CMSDK_DEV_S), (4 bytes).
    Removing device_definition.o(.rodata.GPIO2_CMSDK_DEV_CFG_S), (4 bytes).
    Removing device_definition.o(.data.GPIO2_CMSDK_DEV_S), (4 bytes).
    Removing device_definition.o(.rodata.GPIO3_CMSDK_DEV_CFG_S), (4 bytes).
    Removing device_definition.o(.data.GPIO3_CMSDK_DEV_S), (4 bytes).
    Removing device_definition.o(.data.I2C0_SBCON_DEV_CFG_S), (12 bytes).
    Removing device_definition.o(.bss.I2C0_SBCON_DEV_DATA_S), (12 bytes).
    Removing device_definition.o(.data.I2C0_SBCON_DEV_S), (8 bytes).
    Removing device_definition.o(.rodata.MPS3_I2S_DEV_CFG_S), (4 bytes).
    Removing device_definition.o(.data.MPS3_I2S_DEV_S), (4 bytes).
    Removing syscounter_armv8-m_cntrl_drv.o(.text), (0 bytes).
    Removing syscounter_armv8-m_cntrl_drv.o(.text.syscounter_armv8_m_cntrl_init), (164 bytes).
    Removing syscounter_armv8-m_cntrl_drv.o(.ARM.exidx.text.syscounter_armv8_m_cntrl_init), (8 bytes).
    Removing syscounter_armv8-m_cntrl_drv.o(.text.syscounter_armv8_m_cntrl_disable_counter), (14 bytes).
    Removing syscounter_armv8-m_cntrl_drv.o(.ARM.exidx.text.syscounter_armv8_m_cntrl_disable_counter), (8 bytes).
    Removing syscounter_armv8-m_cntrl_drv.o(.text.syscounter_armv8_m_cntrl_is_counter_scaling_implemented), (12 bytes).
    Removing syscounter_armv8-m_cntrl_drv.o(.ARM.exidx.text.syscounter_armv8_m_cntrl_is_counter_scaling_implemented), (8 bytes).
    Removing syscounter_armv8-m_cntrl_drv.o(.text.syscounter_armv8_m_cntrl_set_counter_scale_value), (74 bytes).
    Removing syscounter_armv8-m_cntrl_drv.o(.ARM.exidx.text.syscounter_armv8_m_cntrl_set_counter_scale_value), (8 bytes).
    Removing syscounter_armv8-m_cntrl_drv.o(.text.syscounter_armv8_m_cntrl_set_counter_value), (10 bytes).
    Removing syscounter_armv8-m_cntrl_drv.o(.ARM.exidx.text.syscounter_armv8_m_cntrl_set_counter_value), (8 bytes).
    Removing syscounter_armv8-m_cntrl_drv.o(.text.syscounter_armv8_m_cntrl_disable_interrupt), (14 bytes).
    Removing syscounter_armv8-m_cntrl_drv.o(.ARM.exidx.text.syscounter_armv8_m_cntrl_disable_interrupt), (8 bytes).
    Removing syscounter_armv8-m_cntrl_drv.o(.text.syscounter_armv8_m_cntrl_disable_scale), (14 bytes).
    Removing syscounter_armv8-m_cntrl_drv.o(.ARM.exidx.text.syscounter_armv8_m_cntrl_disable_scale), (8 bytes).
    Removing syscounter_armv8-m_cntrl_drv.o(.text.syscounter_armv8_m_cntrl_enable_counter), (14 bytes).
    Removing syscounter_armv8-m_cntrl_drv.o(.ARM.exidx.text.syscounter_armv8_m_cntrl_enable_counter), (8 bytes).
    Removing syscounter_armv8-m_cntrl_drv.o(.text.syscounter_armv8_m_cntrl_uninit), (40 bytes).
    Removing syscounter_armv8-m_cntrl_drv.o(.ARM.exidx.text.syscounter_armv8_m_cntrl_uninit), (8 bytes).
    Removing syscounter_armv8-m_cntrl_drv.o(.text.syscounter_armv8_m_cntrl_is_counter_enabled), (12 bytes).
    Removing syscounter_armv8-m_cntrl_drv.o(.ARM.exidx.text.syscounter_armv8_m_cntrl_is_counter_enabled), (8 bytes).
    Removing syscounter_armv8-m_cntrl_drv.o(.text.syscounter_armv8_m_cntrl_enable_halt_on_debug), (14 bytes).
    Removing syscounter_armv8-m_cntrl_drv.o(.ARM.exidx.text.syscounter_armv8_m_cntrl_enable_halt_on_debug), (8 bytes).
    Removing syscounter_armv8-m_cntrl_drv.o(.text.syscounter_armv8_m_cntrl_disable_halt_on_debug), (14 bytes).
    Removing syscounter_armv8-m_cntrl_drv.o(.ARM.exidx.text.syscounter_armv8_m_cntrl_disable_halt_on_debug), (8 bytes).
    Removing syscounter_armv8-m_cntrl_drv.o(.text.syscounter_armv8_m_cntrl_is_halt_on_debug_enabled), (12 bytes).
    Removing syscounter_armv8-m_cntrl_drv.o(.ARM.exidx.text.syscounter_armv8_m_cntrl_is_halt_on_debug_enabled), (8 bytes).
    Removing syscounter_armv8-m_cntrl_drv.o(.text.syscounter_armv8_m_cntrl_enable_scale), (14 bytes).
    Removing syscounter_armv8-m_cntrl_drv.o(.ARM.exidx.text.syscounter_armv8_m_cntrl_enable_scale), (8 bytes).
    Removing syscounter_armv8-m_cntrl_drv.o(.text.syscounter_armv8_m_cntrl_is_scale_enabled), (12 bytes).
    Removing syscounter_armv8-m_cntrl_drv.o(.ARM.exidx.text.syscounter_armv8_m_cntrl_is_scale_enabled), (8 bytes).
    Removing syscounter_armv8-m_cntrl_drv.o(.text.syscounter_armv8_m_cntrl_enable_interrupt), (14 bytes).
    Removing syscounter_armv8-m_cntrl_drv.o(.ARM.exidx.text.syscounter_armv8_m_cntrl_enable_interrupt), (8 bytes).
    Removing syscounter_armv8-m_cntrl_drv.o(.text.syscounter_armv8_m_cntrl_is_interrupt_enabled), (12 bytes).
    Removing syscounter_armv8-m_cntrl_drv.o(.ARM.exidx.text.syscounter_armv8_m_cntrl_is_interrupt_enabled), (8 bytes).
    Removing syscounter_armv8-m_cntrl_drv.o(.text.syscounter_armv8_m_cntrl_enable_pslverr), (14 bytes).
    Removing syscounter_armv8-m_cntrl_drv.o(.ARM.exidx.text.syscounter_armv8_m_cntrl_enable_pslverr), (8 bytes).
    Removing syscounter_armv8-m_cntrl_drv.o(.text.syscounter_armv8_m_cntrl_disable_pslverr), (14 bytes).
    Removing syscounter_armv8-m_cntrl_drv.o(.ARM.exidx.text.syscounter_armv8_m_cntrl_disable_pslverr), (8 bytes).
    Removing syscounter_armv8-m_cntrl_drv.o(.text.syscounter_armv8_m_cntrl_is_pslverr_enabled), (12 bytes).
    Removing syscounter_armv8-m_cntrl_drv.o(.ARM.exidx.text.syscounter_armv8_m_cntrl_is_pslverr_enabled), (8 bytes).
    Removing syscounter_armv8-m_cntrl_drv.o(.text.syscounter_armv8_m_cntrl_clear_interrupt), (14 bytes).
    Removing syscounter_armv8-m_cntrl_drv.o(.ARM.exidx.text.syscounter_armv8_m_cntrl_clear_interrupt), (8 bytes).
    Removing syscounter_armv8-m_cntrl_drv.o(.text.syscounter_armv8_m_cntrl_is_counter_halted_on_debug), (12 bytes).
    Removing syscounter_armv8-m_cntrl_drv.o(.ARM.exidx.text.syscounter_armv8_m_cntrl_is_counter_halted_on_debug), (8 bytes).
    Removing syscounter_armv8-m_cntrl_drv.o(.text.syscounter_armv8_m_cntrl_get_counter_value), (72 bytes).
    Removing syscounter_armv8-m_cntrl_drv.o(.ARM.exidx.text.syscounter_armv8_m_cntrl_get_counter_value), (8 bytes).
    Removing syscounter_armv8-m_cntrl_drv.o(.text.syscounter_armv8_m_cntrl_is_clock_switching_implemented), (12 bytes).
    Removing syscounter_armv8-m_cntrl_drv.o(.ARM.exidx.text.syscounter_armv8_m_cntrl_is_clock_switching_implemented), (8 bytes).
    Removing syscounter_armv8-m_cntrl_drv.o(.text.syscounter_armv8_m_cntrl_get_clock_source), (12 bytes).
    Removing syscounter_armv8-m_cntrl_drv.o(.ARM.exidx.text.syscounter_armv8_m_cntrl_get_clock_source), (8 bytes).
    Removing syscounter_armv8-m_cntrl_drv.o(.text.syscounter_armv8_m_cntrl_get_override_cntscr), (12 bytes).
    Removing syscounter_armv8-m_cntrl_drv.o(.ARM.exidx.text.syscounter_armv8_m_cntrl_get_override_cntscr), (8 bytes).
    Removing syscounter_armv8-m_cntrl_drv.o(.text.syscounter_armv8_m_cntrl_get_counter_scale_value), (66 bytes).
    Removing syscounter_armv8-m_cntrl_drv.o(.ARM.exidx.text.syscounter_armv8_m_cntrl_get_counter_scale_value), (8 bytes).
    Removing syscounter_armv8-m_read_drv.o(.text), (0 bytes).
    Removing syscounter_armv8-m_read_drv.o(.text.syscounter_armv8_m_read_get_counter_value), (72 bytes).
    Removing syscounter_armv8-m_read_drv.o(.ARM.exidx.text.syscounter_armv8_m_read_get_counter_value), (8 bytes).
    Removing systimer_armv8-m_drv.o(.text), (0 bytes).
    Removing systimer_armv8-m_drv.o(.text.systimer_armv8_m_init), (48 bytes).
    Removing systimer_armv8-m_drv.o(.ARM.exidx.text.systimer_armv8_m_init), (8 bytes).
    Removing systimer_armv8-m_drv.o(.text.systimer_armv8_m_disable_interrupt), (14 bytes).
    Removing systimer_armv8-m_drv.o(.ARM.exidx.text.systimer_armv8_m_disable_interrupt), (8 bytes).
    Removing systimer_armv8-m_drv.o(.text.systimer_armv8_m_disable_autoinc), (14 bytes).
    Removing systimer_armv8-m_drv.o(.ARM.exidx.text.systimer_armv8_m_disable_autoinc), (8 bytes).
    Removing systimer_armv8-m_drv.o(.text.systimer_armv8_m_set_counter_freq), (8 bytes).
    Removing systimer_armv8-m_drv.o(.ARM.exidx.text.systimer_armv8_m_set_counter_freq), (8 bytes).
    Removing systimer_armv8-m_drv.o(.text.systimer_armv8_m_enable_timer), (14 bytes).
    Removing systimer_armv8-m_drv.o(.ARM.exidx.text.systimer_armv8_m_enable_timer), (8 bytes).
    Removing systimer_armv8-m_drv.o(.text.systimer_armv8_m_uninit), (44 bytes).
    Removing systimer_armv8-m_drv.o(.ARM.exidx.text.systimer_armv8_m_uninit), (8 bytes).
    Removing systimer_armv8-m_drv.o(.text.systimer_armv8_m_disable_timer), (14 bytes).
    Removing systimer_armv8-m_drv.o(.ARM.exidx.text.systimer_armv8_m_disable_timer), (8 bytes).
    Removing systimer_armv8-m_drv.o(.text.systimer_armv8_m_get_counter_value), (72 bytes).
    Removing systimer_armv8-m_drv.o(.ARM.exidx.text.systimer_armv8_m_get_counter_value), (8 bytes).
    Removing systimer_armv8-m_drv.o(.text.systimer_armv8_m_set_compare_value), (10 bytes).
    Removing systimer_armv8-m_drv.o(.ARM.exidx.text.systimer_armv8_m_set_compare_value), (8 bytes).
    Removing systimer_armv8-m_drv.o(.text.systimer_armv8_m_get_compare_value), (10 bytes).
    Removing systimer_armv8-m_drv.o(.ARM.exidx.text.systimer_armv8_m_get_compare_value), (8 bytes).
    Removing systimer_armv8-m_drv.o(.text.systimer_armv8_m_get_counter_freq), (8 bytes).
    Removing systimer_armv8-m_drv.o(.ARM.exidx.text.systimer_armv8_m_get_counter_freq), (8 bytes).
    Removing systimer_armv8-m_drv.o(.text.systimer_armv8_m_set_timer_value), (8 bytes).
    Removing systimer_armv8-m_drv.o(.ARM.exidx.text.systimer_armv8_m_set_timer_value), (8 bytes).
    Removing systimer_armv8-m_drv.o(.text.systimer_armv8_m_get_timer_value), (8 bytes).
    Removing systimer_armv8-m_drv.o(.ARM.exidx.text.systimer_armv8_m_get_timer_value), (8 bytes).
    Removing systimer_armv8-m_drv.o(.text.systimer_armv8_m_is_timer_enabled), (12 bytes).
    Removing systimer_armv8-m_drv.o(.ARM.exidx.text.systimer_armv8_m_is_timer_enabled), (8 bytes).
    Removing systimer_armv8-m_drv.o(.text.systimer_armv8_m_enable_interrupt), (14 bytes).
    Removing systimer_armv8-m_drv.o(.ARM.exidx.text.systimer_armv8_m_enable_interrupt), (8 bytes).
    Removing systimer_armv8-m_drv.o(.text.systimer_armv8_m_is_interrupt_enabled), (16 bytes).
    Removing systimer_armv8-m_drv.o(.ARM.exidx.text.systimer_armv8_m_is_interrupt_enabled), (8 bytes).
    Removing systimer_armv8-m_drv.o(.text.systimer_armv8_m_is_interrupt_asserted), (12 bytes).
    Removing systimer_armv8-m_drv.o(.ARM.exidx.text.systimer_armv8_m_is_interrupt_asserted), (8 bytes).
    Removing systimer_armv8-m_drv.o(.text.systimer_armv8_m_get_autoinc_value), (10 bytes).
    Removing systimer_armv8-m_drv.o(.ARM.exidx.text.systimer_armv8_m_get_autoinc_value), (8 bytes).
    Removing systimer_armv8-m_drv.o(.text.systimer_armv8_m_set_autoinc_reload), (8 bytes).
    Removing systimer_armv8-m_drv.o(.ARM.exidx.text.systimer_armv8_m_set_autoinc_reload), (8 bytes).
    Removing systimer_armv8-m_drv.o(.text.systimer_armv8_m_get_autoinc_reload), (8 bytes).
    Removing systimer_armv8-m_drv.o(.ARM.exidx.text.systimer_armv8_m_get_autoinc_reload), (8 bytes).
    Removing systimer_armv8-m_drv.o(.text.systimer_armv8_m_enable_autoinc), (14 bytes).
    Removing systimer_armv8-m_drv.o(.ARM.exidx.text.systimer_armv8_m_enable_autoinc), (8 bytes).
    Removing systimer_armv8-m_drv.o(.text.systimer_armv8_m_is_autoinc_enabled), (12 bytes).
    Removing systimer_armv8-m_drv.o(.ARM.exidx.text.systimer_armv8_m_is_autoinc_enabled), (8 bytes).
    Removing systimer_armv8-m_drv.o(.text.systimer_armv8_m_clear_autoinc_interrupt), (14 bytes).
    Removing systimer_armv8-m_drv.o(.ARM.exidx.text.systimer_armv8_m_clear_autoinc_interrupt), (8 bytes).
    Removing systimer_armv8-m_drv.o(.text.systimer_armv8_m_is_autoinc_implemented), (12 bytes).
    Removing systimer_armv8-m_drv.o(.ARM.exidx.text.systimer_armv8_m_is_autoinc_implemented), (8 bytes).
    Removing systimer_armv8-m_timeout.o(.text), (0 bytes).
    Removing systimer_armv8-m_timeout.o(.text.timeout_init), (124 bytes).
    Removing systimer_armv8-m_timeout.o(.ARM.exidx.text.timeout_init), (8 bytes).
    Removing systimer_armv8-m_timeout.o(.text.timeout_init_us), (122 bytes).
    Removing systimer_armv8-m_timeout.o(.ARM.exidx.text.timeout_init_us), (8 bytes).
    Removing systimer_armv8-m_timeout.o(.text.timeout_delay_is_elapsed), (48 bytes).
    Removing systimer_armv8-m_timeout.o(.ARM.exidx.text.timeout_delay_is_elapsed), (8 bytes).
    Removing systimer_armv8-m_timeout.o(.text.wait_us), (136 bytes).
    Removing systimer_armv8-m_timeout.o(.ARM.exidx.text.wait_us), (8 bytes).
    Removing systimer_armv8-m_timeout.o(.text.wait_ms), (144 bytes).
    Removing systimer_armv8-m_timeout.o(.ARM.exidx.text.wait_ms), (8 bytes).
    Removing systimer_armv8-m_timeout.o(.bss..L_MergedGlobals), (20 bytes).

2223 unused section(s) (total 1461115 bytes) removed from the image.

==============================================================================

Image component sizes


      Code (inc. data)   RO Data    RW Data    ZI Data      Debug   Object Name

      4212        120          0          0          0     202678   MatrixFunctions.o
       248         20         96          0        212       2120   arm_matrix_example_f32.o
       140         12          0          0          0      10109   math_helper.o
       258          0        588          0          0      10281   startup_SSE300MPS3.o
        98          0          0          8          0       2356   system_SSE300MPS3.o

    ----------------------------------------------------------------------
      5192        156        716          8       2260     227544   Object Totals
         0          0         32          0       2048          0   (incl. Generated)
       236          4          0          0          0          0   (incl. Padding)

    ----------------------------------------------------------------------

      Code (inc. data)   RO Data    RW Data    ZI Data      Debug   Library Member Name

         8          0          0          0          0         68   __main.o
         0          0          0          0          0          0   __rtentry.o
        12          0          0          0          0          0   __rtentry2.o
         8          4          0          0          0          0   __rtentry7.o
        94          8          0          0          0          0   __scatter.o
        26          0          0          0          0          0   __scatter_copy.o
        28          0          0          0          0          0   __scatter_zi.o
        22          0          0          0          0        100   _rserrno.o
        10          0          0          0          0         68   defsig_exit.o
        50          0          0          0          0         88   defsig_general.o
        80         58          0          0          0         76   defsig_rtmem_inner.o
        14          0          0          0          0         80   defsig_rtmem_outer.o
        52         38          0          0          0         76   defsig_rtred_inner.o
        14          0          0          0          0         80   defsig_rtred_outer.o
        18          0          0          0          0         80   exit.o
        76          0          0          0          0         88   fclose.o
       482          0          0          0          0         92   flsbuf.o
       240          6          0          0          0        128   fopen.o
        28          0          0          0          0         68   fputc.o
       248          6          0          0          0         84   fseek.o
        66          0          0          0          0         76   ftell.o
        94          0          0          0          0         80   h1_alloc.o
        52          0          0          0          0         68   h1_extend.o
        78          0          0          0          0         80   h1_free.o
        12          0          0          0          0         84   h1_init.o
         4          0          0          0          0        136   hguard.o
         0          0          0          0          0          0   indicate_semi.o
       138          0          0          0          0        168   init_alloc.o
       312         46          0          0          0        112   initio.o
         2          0          0          0          0          0   libinit.o
        10          0          0          0          0          0   libinit2.o
        16          8          0          0          0          0   libinit5.o
         2          0          0          0          0          0   libshutdown.o
         6          0          0          0          0          0   libshutdown2.o
         0          0          0          0         96          0   libspace.o
         0          0          0          0          0          0   maybetermalloc1.o
        44          4          0          0          0         84   puts.o
         8          4          0          0          0         68   rt_errno_addr_intlibspace.o
         8          4          0          0          0         68   rt_heap_descriptor_intlibspace.o
        78          0          0          0          0         80   rt_memclr_w.o
         2          0          0          0          0          0   rtexit.o
        10          0          0          0          0          0   rtexit2.o
        70          0          0          0          0         80   setvbuf.o
       264          6          0          0          0        160   stdio.o
         0          0          0         12        252          0   stdio_streams.o
        62          0          0          0          0         76   strlen.o
        12          4          0          0          0         68   sys_exit.o
       102          0          0          0          0        240   sys_io.o
         0          0         12          0          0          0   sys_io_names.o
        14          0          0          0          0         76   sys_wrch.o
         2          0          0          0          0         68   use_no_semi.o
        30          0          0          0          0        164   fpinit_81m.o
         0          0          0          0          0          0   usenofp.o
        54         24          0          0          0        348   dunder.o
       564         68         56          0          0        436   log.o
       256         42          0          0          0        188   log10.o
       112          0          0          0          0        116   poly.o
         0          0          8          0          0          0   qnan.o

    ----------------------------------------------------------------------
      4020        334         76         12        348       4300   Library Totals
        26          4          0          0          0          0   (incl. Padding)

    ----------------------------------------------------------------------

      Code (inc. data)   RO Data    RW Data    ZI Data      Debug   Library Name

      2978        196         12         12        348       3048   c_wu.l
        30          0          0          0          0        164   fz_wv.l
       986        134         64          0          0       1088   m_wv.l

    ----------------------------------------------------------------------
      4020        334         76         12        348       4300   Library Totals

    ----------------------------------------------------------------------

==============================================================================


      Code (inc. data)   RO Data    RW Data    ZI Data      Debug   

      9212        490        792         20       2608     229824   Grand Totals
      9212        490        792         20       2608     229824   ELF Image Totals
      9212        490        792         20          0          0   ROM Totals

==============================================================================

    Total RO  Size (Code + RO Data)                10004 (   9.77kB)
    Total RW  Size (RW Data + ZI Data)              2628 (   2.57kB)
    Total ROM Size (Code + RO Data + RW Data)      10024 (   9.79kB)

==============================================================================

Program Size: Code=9212 RO-data=792 RW-data=20 ZI-data=2608  
